Archive member included to satisfy reference by file (symbol)

/opt/st/stm32cubeide_1.19.0/plugins/com.st.stm32cube.ide.mcu.externaltools.gnu-tools-for-stm32.13.3.rel1.linux64_1.0.0.202410170706/tools/bin/../lib/gcc/arm-none-eabi/13.3.1/../../../../arm-none-eabi/lib/thumb/v7-m/nofp/libc_nano.a(libc_a-exit.o)
                              /opt/st/stm32cubeide_1.19.0/plugins/com.st.stm32cube.ide.mcu.externaltools.gnu-tools-for-stm32.13.3.rel1.linux64_1.0.0.202410170706/tools/bin/../lib/gcc/arm-none-eabi/13.3.1/../../../../arm-none-eabi/lib/thumb/v7-m/nofp/crt0.o (exit)
/opt/st/stm32cubeide_1.19.0/plugins/com.st.stm32cube.ide.mcu.externaltools.gnu-tools-for-stm32.13.3.rel1.linux64_1.0.0.202410170706/tools/bin/../lib/gcc/arm-none-eabi/13.3.1/../../../../arm-none-eabi/lib/thumb/v7-m/nofp/libc_nano.a(libc_a-findfp.o)
                              ./Middlewares/Third_Party/FreeRTOS/Source/tasks.o (__sf)
/opt/st/stm32cubeide_1.19.0/plugins/com.st.stm32cube.ide.mcu.externaltools.gnu-tools-for-stm32.13.3.rel1.linux64_1.0.0.202410170706/tools/bin/../lib/gcc/arm-none-eabi/13.3.1/../../../../arm-none-eabi/lib/thumb/v7-m/nofp/libc_nano.a(libc_a-fwalk.o)
                              /opt/st/stm32cubeide_1.19.0/plugins/com.st.stm32cube.ide.mcu.externaltools.gnu-tools-for-stm32.13.3.rel1.linux64_1.0.0.202410170706/tools/bin/../lib/gcc/arm-none-eabi/13.3.1/../../../../arm-none-eabi/lib/thumb/v7-m/nofp/libc_nano.a(libc_a-findfp.o) (_fwalk_sglue)
/opt/st/stm32cubeide_1.19.0/plugins/com.st.stm32cube.ide.mcu.externaltools.gnu-tools-for-stm32.13.3.rel1.linux64_1.0.0.202410170706/tools/bin/../lib/gcc/arm-none-eabi/13.3.1/../../../../arm-none-eabi/lib/thumb/v7-m/nofp/libc_nano.a(libc_a-stdio.o)
                              /opt/st/stm32cubeide_1.19.0/plugins/com.st.stm32cube.ide.mcu.externaltools.gnu-tools-for-stm32.13.3.rel1.linux64_1.0.0.202410170706/tools/bin/../lib/gcc/arm-none-eabi/13.3.1/../../../../arm-none-eabi/lib/thumb/v7-m/nofp/libc_nano.a(libc_a-findfp.o) (__sread)
/opt/st/stm32cubeide_1.19.0/plugins/com.st.stm32cube.ide.mcu.externaltools.gnu-tools-for-stm32.13.3.rel1.linux64_1.0.0.202410170706/tools/bin/../lib/gcc/arm-none-eabi/13.3.1/../../../../arm-none-eabi/lib/thumb/v7-m/nofp/libc_nano.a(libc_a-memset.o)
                              /opt/st/stm32cubeide_1.19.0/plugins/com.st.stm32cube.ide.mcu.externaltools.gnu-tools-for-stm32.13.3.rel1.linux64_1.0.0.202410170706/tools/bin/../lib/gcc/arm-none-eabi/13.3.1/../../../../arm-none-eabi/lib/thumb/v7-m/nofp/crt0.o (memset)
/opt/st/stm32cubeide_1.19.0/plugins/com.st.stm32cube.ide.mcu.externaltools.gnu-tools-for-stm32.13.3.rel1.linux64_1.0.0.202410170706/tools/bin/../lib/gcc/arm-none-eabi/13.3.1/../../../../arm-none-eabi/lib/thumb/v7-m/nofp/libc_nano.a(libc_a-closer.o)
                              /opt/st/stm32cubeide_1.19.0/plugins/com.st.stm32cube.ide.mcu.externaltools.gnu-tools-for-stm32.13.3.rel1.linux64_1.0.0.202410170706/tools/bin/../lib/gcc/arm-none-eabi/13.3.1/../../../../arm-none-eabi/lib/thumb/v7-m/nofp/libc_nano.a(libc_a-stdio.o) (_close_r)
/opt/st/stm32cubeide_1.19.0/plugins/com.st.stm32cube.ide.mcu.externaltools.gnu-tools-for-stm32.13.3.rel1.linux64_1.0.0.202410170706/tools/bin/../lib/gcc/arm-none-eabi/13.3.1/../../../../arm-none-eabi/lib/thumb/v7-m/nofp/libc_nano.a(libc_a-reent.o)
                              ./Middlewares/Third_Party/FreeRTOS/Source/tasks.o (_reclaim_reent)
/opt/st/stm32cubeide_1.19.0/plugins/com.st.stm32cube.ide.mcu.externaltools.gnu-tools-for-stm32.13.3.rel1.linux64_1.0.0.202410170706/tools/bin/../lib/gcc/arm-none-eabi/13.3.1/../../../../arm-none-eabi/lib/thumb/v7-m/nofp/libc_nano.a(libc_a-impure.o)
                              ./Middlewares/Third_Party/FreeRTOS/Source/tasks.o (_impure_ptr)
/opt/st/stm32cubeide_1.19.0/plugins/com.st.stm32cube.ide.mcu.externaltools.gnu-tools-for-stm32.13.3.rel1.linux64_1.0.0.202410170706/tools/bin/../lib/gcc/arm-none-eabi/13.3.1/../../../../arm-none-eabi/lib/thumb/v7-m/nofp/libc_nano.a(libc_a-lseekr.o)
                              /opt/st/stm32cubeide_1.19.0/plugins/com.st.stm32cube.ide.mcu.externaltools.gnu-tools-for-stm32.13.3.rel1.linux64_1.0.0.202410170706/tools/bin/../lib/gcc/arm-none-eabi/13.3.1/../../../../arm-none-eabi/lib/thumb/v7-m/nofp/libc_nano.a(libc_a-stdio.o) (_lseek_r)
/opt/st/stm32cubeide_1.19.0/plugins/com.st.stm32cube.ide.mcu.externaltools.gnu-tools-for-stm32.13.3.rel1.linux64_1.0.0.202410170706/tools/bin/../lib/gcc/arm-none-eabi/13.3.1/../../../../arm-none-eabi/lib/thumb/v7-m/nofp/libc_nano.a(libc_a-readr.o)
                              /opt/st/stm32cubeide_1.19.0/plugins/com.st.stm32cube.ide.mcu.externaltools.gnu-tools-for-stm32.13.3.rel1.linux64_1.0.0.202410170706/tools/bin/../lib/gcc/arm-none-eabi/13.3.1/../../../../arm-none-eabi/lib/thumb/v7-m/nofp/libc_nano.a(libc_a-stdio.o) (_read_r)
[...]
Memory Configuration

Name             Origin             Length             Attributes
RAM              0x20000000         0x00005000         xrw
FLASH            0x08000000         0x00010000         xr
*default*        0x00000000         0xffffffff

Linker script and memory map

LOAD /opt/st/stm32cubeide_1.19.0/plugins/com.st.stm32cube.ide.mcu.externaltools.gnu-tools-for-stm32.13.3.rel1.linux64_1.0.0.202410170706/tools/bin/../lib/gcc/arm-none-eabi/13.3.1/thumb/v7-m/nofp/crti.o
LOAD /opt/st/stm32cubeide_1.19.0/plugins/com.st.stm32cube.ide.mcu.externaltools.gnu-tools-for-stm32.13.3.rel1.linux64_1.0.0.202410170706/tools/bin/../lib/gcc/arm-none-eabi/13.3.1/thumb/v7-m/nofp/crtbegin.o
LOAD /opt/st/stm32cubeide_1.19.0/plugins/com.st.stm32cube.ide.mcu.externaltools.gnu-tools-for-stm32.13.3.rel1.linux64_1.0.0.202410170706/tools/bin/../lib/gcc/arm-none-eabi/13.3.1/../../../../arm-none-eabi/lib/thumb/v7-m/nofp/crt0.o
LOAD ./Core/Src/freertos.o
LOAD ./Core/Src/main.o
LOAD ./Core/Src/stm32f1xx_hal_msp.o
LOAD ./Core/Src/stm32f1xx_hal_timebase_tim.o
LOAD ./Core/Src/stm32f1xx_it.o
LOAD ./Core/Src/syscalls.o
LOAD ./Core/Src/sysmem.o
LOAD ./Core/Src/system_stm32f1xx.o
LOAD ./Core/Startup/startup_stm32f103c8tx.o
LOAD ./Drivers/STM32F1xx_HAL_Driver/Src/stm32f1xx_hal.o
LOAD ./Drivers/STM32F1xx_HAL_Driver/Src/stm32f1xx_hal_cortex.o
LOAD ./Drivers/STM32F1xx_HAL_Driver/Src/stm32f1xx_hal_dma.o
LOAD ./Drivers/STM32F1xx_HAL_Driver/Src/stm32f1xx_hal_exti.o
LOAD ./Drivers/STM32F1xx_HAL_Driver/Src/stm32f1xx_hal_flash.o
LOAD ./Drivers/STM32F1xx_HAL_Driver/Src/stm32f1xx_hal_flash_ex.o
LOAD ./Drivers/STM32F1xx_HAL_Driver/Src/stm32f1xx_hal_gpio.o
LOAD ./Drivers/STM32F1xx_HAL_Driver/Src/stm32f1xx_hal_gpio_ex.o
LOAD ./Drivers/STM32F1xx_HAL_Driver/Src/stm32f1xx_hal_pwr.o
LOAD ./Drivers/STM32F1xx_HAL_Driver/Src/stm32f1xx_hal_rcc.o
LOAD ./Drivers/STM32F1xx_HAL_Driver/Src/stm32f1xx_hal_rcc_ex.o
LOAD ./Drivers/STM32F1xx_HAL_Driver/Src/stm32f1xx_hal_tim.o
LOAD ./Drivers/STM32F1xx_HAL_Driver/Src/stm32f1xx_hal_tim_ex.o
LOAD ./Drivers/STM32F1xx_HAL_Driver/Src/stm32f1xx_hal_uart.o
LOAD ./Middlewares/Third_Party/FreeRTOS/Source/CMSIS_RTOS/cmsis_os.o
LOAD ./Middlewares/Third_Party/FreeRTOS/Source/croutine.o
LOAD ./Middlewares/Third_Party/FreeRTOS/Source/event_groups.o
LOAD ./Middlewares/Third_Party/FreeRTOS/Source/list.o
LOAD ./Middlewares/Third_Party/FreeRTOS/Source/queue.o
LOAD ./Middlewares/Third_Party/FreeRTOS/Source/stream_buffer.o
LOAD ./Middlewares/Third_Party/FreeRTOS/Source/tasks.o
LOAD ./Middlewares/Third_Party/FreeRTOS/Source/timers.o
LOAD ./Middlewares/Third_Party/FreeRTOS/Source/portable/GCC/ARM_CM3/port.o
LOAD ./Middlewares/Third_Party/FreeRTOS/Source/portable/MemMang/heap_4.o
START GROUP
LOAD /opt/st/stm32cubeide_1.19.0/plugins/com.st.stm32cube.ide.mcu.externaltools.gnu-tools-for-stm32.13.3.rel1.linux64_1.0.0.202410170706/tools/bin/../lib/gcc/arm-none-eabi/13.3.1/../../../../arm-none-eabi/lib/thumb/v7-m/nofp/libc_nano.a
LOAD /opt/st/stm32cubeide_1.19.0/plugins/com.st.stm32cube.ide.mcu.externaltools.gnu-tools-for-stm32.13.3.rel1.linux64_1.0.0.202410170706/tools/bin/../lib/gcc/arm-none-eabi/13.3.1/../../../../arm-none-eabi/lib/thumb/v7-m/nofp/libm.a
END GROUP
START GROUP
LOAD /opt/st/stm32cubeide_1.19.0/plugins/com.st.stm32cube.ide.mcu.externaltools.gnu-tools-for-stm32.13.3.rel1.linux64_1.0.0.202410170706/tools/bin/../lib/gcc/arm-none-eabi/13.3.1/thumb/v7-m/nofp/libgcc.a
LOAD /opt/st/stm32cubeide_1.19.0/plugins/com.st.stm32cube.ide.mcu.externaltools.gnu-tools-for-stm32.13.3.rel1.linux64_1.0.0.202410170706/tools/bin/../lib/gcc/arm-none-eabi/13.3.1/../../../../arm-none-eabi/lib/thumb/v7-m/nofp/libc_nano.a
END GROUP
START GROUP
LOAD /opt/st/stm32cubeide_1.19.0/plugins/com.st.stm32cube.ide.mcu.externaltools.gnu-tools-for-stm32.13.3.rel1.linux64_1.0.0.202410170706/tools/bin/../lib/gcc/arm-none-eabi/13.3.1/thumb/v7-m/nofp/libgcc.a
LOAD /opt/st/stm32cubeide_1.19.0/plugins/com.st.stm32cube.ide.mcu.externaltools.gnu-tools-for-stm32.13.3.rel1.linux64_1.0.0.202410170706/tools/bin/../lib/gcc/arm-none-eabi/13.3.1/../../../../arm-none-eabi/lib/thumb/v7-m/nofp/libc_nano.a
LOAD /opt/st/stm32cubeide_1.19.0/plugins/com.st.stm32cube.ide.mcu.externaltools.gnu-tools-for-stm32.13.3.rel1.linux64_1.0.0.202410170706/tools/bin/../lib/gcc/arm-none-eabi/13.3.1/../../../../arm-none-eabi/lib/thumb/v7-m/nofp/libnosys.a
END GROUP
START GROUP
LOAD /opt/st/stm32cubeide_1.19.0/plugins/com.st.stm32cube.ide.mcu.externaltools.gnu-tools-for-stm32.13.3.rel1.linux64_1.0.0.202410170706/tools/bin/../lib/gcc/arm-none-eabi/13.3.1/thumb/v7-m/nofp/libgcc.a
LOAD /opt/st/stm32cubeide_1.19.0/plugins/com.st.stm32cube.ide.mcu.externaltools.gnu-tools-for-stm32.13.3.rel1.linux64_1.0.0.202410170706/tools/bin/../lib/gcc/arm-none-eabi/13.3.1/../../../../arm-none-eabi/lib/thumb/v7-m/nofp/libc_nano.a
LOAD /opt/st/stm32cubeide_1.19.0/plugins/com.st.stm32cube.ide.mcu.externaltools.gnu-tools-for-stm32.13.3.rel1.linux64_1.0.0.202410170706/tools/bin/../lib/gcc/arm-none-eabi/13.3.1/../../../../arm-none-eabi/lib/thumb/v7-m/nofp/libnosys.a
END GROUP
LOAD /opt/st/stm32cubeide_1.19.0/plugins/com.st.stm32cube.ide.mcu.externaltools.gnu-tools-for-stm32.13.3.rel1.linux64_1.0.0.202410170706/tools/bin/../lib/gcc/arm-none-eabi/13.3.1/thumb/v7-m/nofp/crtend.o
LOAD /opt/st/stm32cubeide_1.19.0/plugins/com.st.stm32cube.ide.mcu.externaltools.gnu-tools-for-stm32.13.3.rel1.linux64_1.0.0.202410170706/tools/bin/../lib/gcc/arm-none-eabi/13.3.1/thumb/v7-m/nofp/crtn.o
                0x20005000                        _estack = (ORIGIN (RAM) + LENGTH (RAM))
                0x00000200                        _Min_Heap_Size = 0x200
                0x00000400                        _Min_Stack_Size = 0x400

.isr_vector     0x08000000      0x10c
                0x08000000                        . = ALIGN (0x4)
 *(.isr_vector)
 .isr_vector    0x08000000      0x10c ./Core/Startup/startup_stm32f103c8tx.o
                0x08000000                g_pfnVectors
                0x0800010c                        . = ALIGN (0x4)

.text           0x08000110     0x559c
                0x08000110                        . = ALIGN (0x4)
 *(.text)
 .text          0x08000110       0x40 /opt/st/stm32cubeide_1.19.0/plugins/com.st.stm32cube.ide.mcu.externaltools.gnu-tools-for-stm32.13.3.rel1.linux64_1.0.0.202410170706/tools/bin/../lib/gcc/arm-none-eabi/13.3.1/thumb/v7-m/nofp/crtbegin.o
 *(.text*)
 .text.vApplicationGetIdleTaskMemory
                0x08000150       0x30 ./Core/Src/freertos.o
                0x08000150                vApplicationGetIdleTaskMemory
 .text.vApplicationGetTimerTaskMemory
                0x08000180       0x34 ./Core/Src/freertos.o
                0x08000180                vApplicationGetTimerTaskMemory
 .text.main     0x080001b4       0xc0 ./Core/Src/main.o
                0x080001b4                main
 .text.SystemClock_Config
                0x08000274       0x8a ./Core/Src/main.o
                0x08000274                SystemClock_Config
 *fill*         0x080002fe        0x2 
 .text.MX_USART1_UART_Init
                0x08000300       0x54 ./Core/Src/main.o
 .text.MX_GPIO_Init
                0x08000354       0xc0 ./Core/Src/main.o
 .text.StartDefaultTask
                0x08000414       0x4c ./Core/Src/main.o
                0x08000414                StartDefaultTask
 .text.Task2_init
                0x08000460       0x34 ./Core/Src/main.o
                0x08000460                Task2_init
 .text.Task3_init
                0x08000494        0xc ./Core/Src/main.o
                0x08000494                Task3_init
 .text.HAL_TIM_PeriodElapsedCallback
                0x080004a0       0x24 ./Core/Src/main.o
                0x080004a0                HAL_TIM_PeriodElapsedCallback
 .text.Error_Handler
                0x080004c4        0xc ./Core/Src/main.o
                0x080004c4                Error_Handler
 .text.HAL_MspInit
                0x080004d0       0x70 ./Core/Src/stm32f1xx_hal_msp.o
                0x080004d0                HAL_MspInit
 .text.HAL_UART_MspInit
                0x08000540       0xa8 ./Core/Src/stm32f1xx_hal_msp.o
                0x08000540                HAL_UART_MspInit
 .text.HAL_InitTick
                0x080005e8       0xe4 ./Core/Src/stm32f1xx_hal_timebase_tim.o
                0x080005e8                HAL_InitTick
 .text.NMI_Handler
                0x080006cc        0x8 ./Core/Src/stm32f1xx_it.o
                0x080006cc                NMI_Handler
 .text.HardFault_Handler
                0x080006d4        0x8 ./Core/Src/stm32f1xx_it.o
                0x080006d4                HardFault_Handler
 .text.MemManage_Handler
                0x080006dc        0x8 ./Core/Src/stm32f1xx_it.o
                0x080006dc                MemManage_Handler
 .text.BusFault_Handler
                0x080006e4        0x8 ./Core/Src/stm32f1xx_it.o
                0x080006e4                BusFault_Handler
 .text.UsageFault_Handler
                0x080006ec        0x8 ./Core/Src/stm32f1xx_it.o
                0x080006ec                UsageFault_Handler
 .text.DebugMon_Handler
                0x080006f4        0xc ./Core/Src/stm32f1xx_it.o
                0x080006f4                DebugMon_Handler
 .text.TIM1_UP_IRQHandler
                0x08000700       0x14 ./Core/Src/stm32f1xx_it.o
                0x08000700                TIM1_UP_IRQHandler
 .text.USART1_IRQHandler
                0x08000714       0x14 ./Core/Src/stm32f1xx_it.o
                0x08000714                USART1_IRQHandler
 .text.SystemInit
                0x08000728        0xc ./Core/Src/system_stm32f1xx.o
                0x08000728                SystemInit
 .text.Reset_Handler
                0x08000734       0x48 ./Core/Startup/startup_stm32f103c8tx.o
                0x08000734                Reset_Handler
 .text.Default_Handler
                0x0800077c        0x2 ./Core/Startup/startup_stm32f103c8tx.o
                0x0800077c                RTC_Alarm_IRQHandler
                0x0800077c                EXTI2_IRQHandler
                0x0800077c                TIM1_CC_IRQHandler
                0x0800077c                PVD_IRQHandler
                0x0800077c                EXTI3_IRQHandler
                0x0800077c                EXTI0_IRQHandler
                0x0800077c                I2C2_EV_IRQHandler
                0x0800077c                ADC1_2_IRQHandler
                0x0800077c                SPI1_IRQHandler
                0x0800077c                TAMPER_IRQHandler
                0x0800077c                DMA1_Channel4_IRQHandler
                0x0800077c                USART3_IRQHandler
                0x0800077c                RTC_IRQHandler
                0x0800077c                DMA1_Channel7_IRQHandler
                0x0800077c                CAN1_RX1_IRQHandler
                0x0800077c                TIM4_IRQHandler
                0x0800077c                I2C1_EV_IRQHandler
                0x0800077c                DMA1_Channel6_IRQHandler
                0x0800077c                TIM3_IRQHandler
                0x0800077c                RCC_IRQHandler
                0x0800077c                TIM1_TRG_COM_IRQHandler
                0x0800077c                DMA1_Channel1_IRQHandler
                0x0800077c                Default_Handler
                0x0800077c                EXTI15_10_IRQHandler
                0x0800077c                EXTI9_5_IRQHandler
                0x0800077c                SPI2_IRQHandler
                0x0800077c                DMA1_Channel5_IRQHandler
                0x0800077c                EXTI4_IRQHandler
                0x0800077c                USB_LP_CAN1_RX0_IRQHandler
                0x0800077c                USB_HP_CAN1_TX_IRQHandler
                0x0800077c                DMA1_Channel3_IRQHandler
                0x0800077c                WWDG_IRQHandler
                0x0800077c                TIM2_IRQHandler
                0x0800077c                TIM1_BRK_IRQHandler
                0x0800077c                EXTI1_IRQHandler
                0x0800077c                USART2_IRQHandler
                0x0800077c                I2C2_ER_IRQHandler
                0x0800077c                DMA1_Channel2_IRQHandler
                0x0800077c                CAN1_SCE_IRQHandler
                0x0800077c                FLASH_IRQHandler
                0x0800077c                I2C1_ER_IRQHandler
                0x0800077c                USBWakeUp_IRQHandler
 *fill*         0x0800077e        0x2 
 .text.HAL_Init
                0x08000780       0x2c ./Drivers/STM32F1xx_HAL_Driver/Src/stm32f1xx_hal.o
                0x08000780                HAL_Init
 .text.HAL_IncTick
                0x080007ac       0x24 ./Drivers/STM32F1xx_HAL_Driver/Src/stm32f1xx_hal.o
                0x080007ac                HAL_IncTick
 .text.HAL_GetTick
                0x080007d0       0x14 ./Drivers/STM32F1xx_HAL_Driver/Src/stm32f1xx_hal.o
                0x080007d0                HAL_GetTick
 .text.__NVIC_SetPriorityGrouping
                0x080007e4       0x48 ./Drivers/STM32F1xx_HAL_Driver/Src/stm32f1xx_hal_cortex.o
 .text.__NVIC_GetPriorityGrouping
                0x0800082c       0x1c ./Drivers/STM32F1xx_HAL_Driver/Src/stm32f1xx_hal_cortex.o
 .text.__NVIC_EnableIRQ
                0x08000848       0x38 ./Drivers/STM32F1xx_HAL_Driver/Src/stm32f1xx_hal_cortex.o
 .text.__NVIC_SetPriority
                0x08000880       0x54 ./Drivers/STM32F1xx_HAL_Driver/Src/stm32f1xx_hal_cortex.o
 .text.NVIC_EncodePriority
                0x080008d4       0x64 ./Drivers/STM32F1xx_HAL_Driver/Src/stm32f1xx_hal_cortex.o
 .text.HAL_NVIC_SetPriorityGrouping
                0x08000938       0x16 ./Drivers/STM32F1xx_HAL_Driver/Src/stm32f1xx_hal_cortex.o
                0x08000938                HAL_NVIC_SetPriorityGrouping
 .text.HAL_NVIC_SetPriority
                0x0800094e       0x38 ./Drivers/STM32F1xx_HAL_Driver/Src/stm32f1xx_hal_cortex.o
                0x0800094e                HAL_NVIC_SetPriority
 .text.HAL_NVIC_EnableIRQ
                0x08000986       0x1c ./Drivers/STM32F1xx_HAL_Driver/Src/stm32f1xx_hal_cortex.o
                0x08000986                HAL_NVIC_EnableIRQ
 .text.HAL_DMA_Abort
                0x080009a2       0x76 ./Drivers/STM32F1xx_HAL_Driver/Src/stm32f1xx_hal_dma.o
                0x080009a2                HAL_DMA_Abort
 .text.HAL_DMA_Abort_IT
                0x08000a18       0xf0 ./Drivers/STM32F1xx_HAL_Driver/Src/stm32f1xx_hal_dma.o
                0x08000a18                HAL_DMA_Abort_IT
 .text.HAL_GPIO_Init
                0x08000b08      0x308 ./Drivers/STM32F1xx_HAL_Driver/Src/stm32f1xx_hal_gpio.o
                0x08000b08                HAL_GPIO_Init
 .text.HAL_GPIO_WritePin
                0x08000e10       0x30 ./Drivers/STM32F1xx_HAL_Driver/Src/stm32f1xx_hal_gpio.o
                0x08000e10                HAL_GPIO_WritePin
 .text.HAL_GPIO_TogglePin
                0x08000e40       0x32 ./Drivers/STM32F1xx_HAL_Driver/Src/stm32f1xx_hal_gpio.o
                0x08000e40                HAL_GPIO_TogglePin
 *fill*         0x08000e72        0x2 
 .text.HAL_RCC_OscConfig
                0x08000e74      0x504 ./Drivers/STM32F1xx_HAL_Driver/Src/stm32f1xx_hal_rcc.o
                0x08000e74                HAL_RCC_OscConfig
 .text.HAL_RCC_ClockConfig
                0x08001378      0x1d4 ./Drivers/STM32F1xx_HAL_Driver/Src/stm32f1xx_hal_rcc.o
                0x08001378                HAL_RCC_ClockConfig
 .text.HAL_RCC_GetSysClockFreq
                0x0800154c       0xa8 ./Drivers/STM32F1xx_HAL_Driver/Src/stm32f1xx_hal_rcc.o
                0x0800154c                HAL_RCC_GetSysClockFreq
 .text.HAL_RCC_GetHCLKFreq
                0x080015f4       0x14 ./Drivers/STM32F1xx_HAL_Driver/Src/stm32f1xx_hal_rcc.o
                0x080015f4                HAL_RCC_GetHCLKFreq
 .text.HAL_RCC_GetPCLK1Freq
                0x08001608       0x28 ./Drivers/STM32F1xx_HAL_Driver/Src/stm32f1xx_hal_rcc.o
                0x08001608                HAL_RCC_GetPCLK1Freq
 .text.HAL_RCC_GetPCLK2Freq
                0x08001630       0x28 ./Drivers/STM32F1xx_HAL_Driver/Src/stm32f1xx_hal_rcc.o
                0x08001630                HAL_RCC_GetPCLK2Freq
 .text.HAL_RCC_GetClockConfig
                0x08001658       0x60 ./Drivers/STM32F1xx_HAL_Driver/Src/stm32f1xx_hal_rcc.o
                0x08001658                HAL_RCC_GetClockConfig
 .text.RCC_Delay
                0x080016b8       0x3c ./Drivers/STM32F1xx_HAL_Driver/Src/stm32f1xx_hal_rcc.o
 .text.HAL_TIM_Base_Init
                0x080016f4       0x9e ./Drivers/STM32F1xx_HAL_Driver/Src/stm32f1xx_hal_tim.o
                0x080016f4                HAL_TIM_Base_Init
 .text.HAL_TIM_Base_MspInit
                0x08001792       0x12 ./Drivers/STM32F1xx_HAL_Driver/Src/stm32f1xx_hal_tim.o
                0x08001792                HAL_TIM_Base_MspInit
 .text.HAL_TIM_Base_Start_IT
                0x080017a4       0xa4 ./Drivers/STM32F1xx_HAL_Driver/Src/stm32f1xx_hal_tim.o
                0x080017a4                HAL_TIM_Base_Start_IT
 .text.HAL_TIM_IRQHandler
                0x08001848      0x1e0 ./Drivers/STM32F1xx_HAL_Driver/Src/stm32f1xx_hal_tim.o
                0x08001848                HAL_TIM_IRQHandler
 .text.HAL_TIM_OC_DelayElapsedCallback
                0x08001a28       0x12 ./Drivers/STM32F1xx_HAL_Driver/Src/stm32f1xx_hal_tim.o
                0x08001a28                HAL_TIM_OC_DelayElapsedCallback
 .text.HAL_TIM_IC_CaptureCallback
                0x08001a3a       0x12 ./Drivers/STM32F1xx_HAL_Driver/Src/stm32f1xx_hal_tim.o
                0x08001a3a                HAL_TIM_IC_CaptureCallback
 .text.HAL_TIM_PWM_PulseFinishedCallback
                0x08001a4c       0x12 ./Drivers/STM32F1xx_HAL_Driver/Src/stm32f1xx_hal_tim.o
                0x08001a4c                HAL_TIM_PWM_PulseFinishedCallback
 .text.HAL_TIM_TriggerCallback
                0x08001a5e       0x12 ./Drivers/STM32F1xx_HAL_Driver/Src/stm32f1xx_hal_tim.o
                0x08001a5e                HAL_TIM_TriggerCallback
 .text.TIM_Base_SetConfig
                0x08001a70       0xdc ./Drivers/STM32F1xx_HAL_Driver/Src/stm32f1xx_hal_tim.o
                0x08001a70                TIM_Base_SetConfig
 .text.HAL_TIMEx_CommutCallback
                0x08001b4c       0x12 ./Drivers/STM32F1xx_HAL_Driver/Src/stm32f1xx_hal_tim_ex.o
                0x08001b4c                HAL_TIMEx_CommutCallback
 .text.HAL_TIMEx_BreakCallback
                0x08001b5e       0x12 ./Drivers/STM32F1xx_HAL_Driver/Src/stm32f1xx_hal_tim_ex.o
                0x08001b5e                HAL_TIMEx_BreakCallback
 .text.HAL_UART_Init
                0x08001b70       0xa0 ./Drivers/STM32F1xx_HAL_Driver/Src/stm32f1xx_hal_uart.o
                0x08001b70                HAL_UART_Init
 .text.HAL_UART_IRQHandler
                0x08001c10      0x524 ./Drivers/STM32F1xx_HAL_Driver/Src/stm32f1xx_hal_uart.o
                0x08001c10                HAL_UART_IRQHandler
 .text.HAL_UART_TxCpltCallback
                0x08002134       0x12 ./Drivers/STM32F1xx_HAL_Driver/Src/stm32f1xx_hal_uart.o
                0x08002134                HAL_UART_TxCpltCallback
 .text.HAL_UART_RxCpltCallback
                0x08002146       0x12 ./Drivers/STM32F1xx_HAL_Driver/Src/stm32f1xx_hal_uart.o
                0x08002146                HAL_UART_RxCpltCallback
 .text.HAL_UART_ErrorCallback
                0x08002158       0x12 ./Drivers/STM32F1xx_HAL_Driver/Src/stm32f1xx_hal_uart.o
                0x08002158                HAL_UART_ErrorCallback
 .text.HAL_UARTEx_RxEventCallback
                0x0800216a       0x16 ./Drivers/STM32F1xx_HAL_Driver/Src/stm32f1xx_hal_uart.o
                0x0800216a                HAL_UARTEx_RxEventCallback
 .text.UART_EndRxTransfer
                0x08002180       0xc4 ./Drivers/STM32F1xx_HAL_Driver/Src/stm32f1xx_hal_uart.o
 .text.UART_DMAAbortOnError
                0x08002244       0x28 ./Drivers/STM32F1xx_HAL_Driver/Src/stm32f1xx_hal_uart.o
 .text.UART_Transmit_IT
                0x0800226c       0x9e ./Drivers/STM32F1xx_HAL_Driver/Src/stm32f1xx_hal_uart.o
 .text.UART_EndTransmit_IT
                0x0800230a       0x30 ./Drivers/STM32F1xx_HAL_Driver/Src/stm32f1xx_hal_uart.o
 .text.UART_Receive_IT
                0x0800233a      0x17c ./Drivers/STM32F1xx_HAL_Driver/Src/stm32f1xx_hal_uart.o
 *fill*         0x080024b6        0x2 
 .text.UART_SetConfig
                0x080024b8      0x11c ./Drivers/STM32F1xx_HAL_Driver/Src/stm32f1xx_hal_uart.o
 .text.makeFreeRtosPriority
                0x080025d4       0x2e ./Middlewares/Third_Party/FreeRTOS/Source/CMSIS_RTOS/cmsis_os.o
 .text.osKernelStart
                0x08002602        0xe ./Middlewares/Third_Party/FreeRTOS/Source/CMSIS_RTOS/cmsis_os.o
                0x08002602                osKernelStart
 .text.osThreadCreate
                0x08002610       0x98 ./Middlewares/Third_Party/FreeRTOS/Source/CMSIS_RTOS/cmsis_os.o
                0x08002610                osThreadCreate
 .text.osDelay  0x080026a8       0x28 ./Middlewares/Third_Party/FreeRTOS/Source/CMSIS_RTOS/cmsis_os.o
                0x080026a8                osDelay
 .text.osMutexCreate
                0x080026d0       0x30 ./Middlewares/Third_Party/FreeRTOS/Source/CMSIS_RTOS/cmsis_os.o
                0x080026d0                osMutexCreate
 .text.vListInitialise
                0x08002700       0x3e ./Middlewares/Third_Party/FreeRTOS/Source/list.o
                0x08002700                vListInitialise
 .text.vListInitialiseItem
                0x0800273e       0x18 ./Middlewares/Third_Party/FreeRTOS/Source/list.o
                0x0800273e                vListInitialiseItem
 .text.vListInsertEnd
                0x08002756       0x46 ./Middlewares/Third_Party/FreeRTOS/Source/list.o
                0x08002756                vListInsertEnd
 .text.vListInsert
                0x0800279c       0x70 ./Middlewares/Third_Party/FreeRTOS/Source/list.o
                0x0800279c                vListInsert
 .text.uxListRemove
                0x0800280c       0x52 ./Middlewares/Third_Party/FreeRTOS/Source/list.o
                0x0800280c                uxListRemove
 *fill*         0x0800285e        0x2 
 .text.xQueueGenericReset
                0x08002860       0xd4 ./Middlewares/Third_Party/FreeRTOS/Source/queue.o
                0x08002860                xQueueGenericReset
 .text.xQueueGenericCreateStatic
                0x08002934       0xfa ./Middlewares/Third_Party/FreeRTOS/Source/queue.o
                0x08002934                xQueueGenericCreateStatic
 .text.xQueueGenericCreate
                0x08002a2e       0x76 ./Middlewares/Third_Party/FreeRTOS/Source/queue.o
                0x08002a2e                xQueueGenericCreate
 .text.prvInitialiseNewQueue
                0x08002aa4       0x3e ./Middlewares/Third_Party/FreeRTOS/Source/queue.o
 .text.prvInitialiseMutex
                0x08002ae2       0x34 ./Middlewares/Third_Party/FreeRTOS/Source/queue.o
 .text.xQueueCreateMutex
                0x08002b16       0x30 ./Middlewares/Third_Party/FreeRTOS/Source/queue.o
                0x08002b16                xQueueCreateMutex
 .text.xQueueCreateMutexStatic
                0x08002b46       0x36 ./Middlewares/Third_Party/FreeRTOS/Source/queue.o
                0x08002b46                xQueueCreateMutexStatic
 .text.xQueueGenericSend
                0x08002b7c      0x204 ./Middlewares/Third_Party/FreeRTOS/Source/queue.o
                0x08002b7c                xQueueGenericSend
 .text.xQueueGenericSendFromISR
                0x08002d80      0x13c ./Middlewares/Third_Party/FreeRTOS/Source/queue.o
                0x08002d80                xQueueGenericSendFromISR
 .text.xQueueReceive
                0x08002ebc      0x1c4 ./Middlewares/Third_Party/FreeRTOS/Source/queue.o
                0x08002ebc                xQueueReceive
 .text.xQueueSemaphoreTake
                0x08003080      0x220 ./Middlewares/Third_Party/FreeRTOS/Source/queue.o
                0x08003080                xQueueSemaphoreTake
 .text.prvGetDisinheritPriorityAfterTimeout
                0x080032a0       0x2e ./Middlewares/Third_Party/FreeRTOS/Source/queue.o
 .text.prvCopyDataToQueue
                0x080032ce       0xd4 ./Middlewares/Third_Party/FreeRTOS/Source/queue.o
 .text.prvCopyDataFromQueue
                0x080033a2       0x4c ./Middlewares/Third_Party/FreeRTOS/Source/queue.o
 .text.prvUnlockQueue
                0x080033ee       0xa4 ./Middlewares/Third_Party/FreeRTOS/Source/queue.o
 .text.prvIsQueueEmpty
                0x08003492       0x2c ./Middlewares/Third_Party/FreeRTOS/Source/queue.o
 .text.prvIsQueueFull
                0x080034be       0x30 ./Middlewares/Third_Party/FreeRTOS/Source/queue.o
 *fill*         0x080034ee        0x2 
 .text.vQueueAddToRegistry
                0x080034f0       0x50 ./Middlewares/Third_Party/FreeRTOS/Source/queue.o
                0x080034f0                vQueueAddToRegistry
 .text.vQueueWaitForMessageRestricted
                0x08003540       0x68 ./Middlewares/Third_Party/FreeRTOS/Source/queue.o
                0x08003540                vQueueWaitForMessageRestricted
 .text.xTaskCreateStatic
                0x080035a8       0xc0 ./Middlewares/Third_Party/FreeRTOS/Source/tasks.o
                0x080035a8                xTaskCreateStatic
 .text.xTaskCreate
                0x08003668       0x8a ./Middlewares/Third_Party/FreeRTOS/Source/tasks.o
                0x08003668                xTaskCreate
 *fill*         0x080036f2        0x2 
 .text.prvInitialiseNewTask
                0x080036f4      0x140 ./Middlewares/Third_Party/FreeRTOS/Source/tasks.o
 .text.prvAddNewTaskToReadyList
                0x08003834       0xd4 ./Middlewares/Third_Party/FreeRTOS/Source/tasks.o
 .text.vTaskDelay
                0x08003908       0x6c ./Middlewares/Third_Party/FreeRTOS/Source/tasks.o
                0x08003908                vTaskDelay
 .text.vTaskStartScheduler
                0x08003974       0xe0 ./Middlewares/Third_Party/FreeRTOS/Source/tasks.o
                0x08003974                vTaskStartScheduler
 .text.vTaskSuspendAll
                0x08003a54       0x1c ./Middlewares/Third_Party/FreeRTOS/Source/tasks.o
                0x08003a54                vTaskSuspendAll
 .text.xTaskResumeAll
                0x08003a70      0x13c ./Middlewares/Third_Party/FreeRTOS/Source/tasks.o
                0x08003a70                xTaskResumeAll
 .text.xTaskGetTickCount
                0x08003bac       0x1c ./Middlewares/Third_Party/FreeRTOS/Source/tasks.o
                0x08003bac                xTaskGetTickCount
 .text.xTaskIncrementTick
                0x08003bc8      0x174 ./Middlewares/Third_Party/FreeRTOS/Source/tasks.o
                0x08003bc8                xTaskIncrementTick
 .text.vTaskSwitchContext
                0x08003d3c       0xc4 ./Middlewares/Third_Party/FreeRTOS/Source/tasks.o
                0x08003d3c                vTaskSwitchContext
 .text.vTaskPlaceOnEventList
                0x08003e00       0x4c ./Middlewares/Third_Party/FreeRTOS/Source/tasks.o
                0x08003e00                vTaskPlaceOnEventList
 .text.vTaskPlaceOnEventListRestricted
                0x08003e4c       0x58 ./Middlewares/Third_Party/FreeRTOS/Source/tasks.o
                0x08003e4c                vTaskPlaceOnEventListRestricted
 .text.xTaskRemoveFromEventList
                0x08003ea4       0xc8 ./Middlewares/Third_Party/FreeRTOS/Source/tasks.o
                0x08003ea4                xTaskRemoveFromEventList
 .text.vTaskInternalSetTimeOutState
                0x08003f6c       0x2c ./Middlewares/Third_Party/FreeRTOS/Source/tasks.o
                0x08003f6c                vTaskInternalSetTimeOutState
 .text.xTaskCheckForTimeOut
                0x08003f98       0xc8 ./Middlewares/Third_Party/FreeRTOS/Source/tasks.o
                0x08003f98                xTaskCheckForTimeOut
 .text.vTaskMissedYield
                0x08004060       0x18 ./Middlewares/Third_Party/FreeRTOS/Source/tasks.o
                0x08004060                vTaskMissedYield
 .text.prvIdleTask
                0x08004078       0x30 ./Middlewares/Third_Party/FreeRTOS/Source/tasks.o
 .text.prvInitialiseTaskLists
                0x080040a8       0x80 ./Middlewares/Third_Party/FreeRTOS/Source/tasks.o
 .text.prvCheckTasksWaitingTermination
                0x08004128       0x5c ./Middlewares/Third_Party/FreeRTOS/Source/tasks.o
 .text.prvDeleteTCB
                0x08004184       0x6a ./Middlewares/Third_Party/FreeRTOS/Source/tasks.o
 *fill*         0x080041ee        0x2 
 .text.prvResetNextTaskUnblockTime
                0x080041f0       0x40 ./Middlewares/Third_Party/FreeRTOS/Source/tasks.o
 .text.xTaskGetSchedulerState
                0x08004230       0x3c ./Middlewares/Third_Party/FreeRTOS/Source/tasks.o
                0x08004230                xTaskGetSchedulerState
 .text.xTaskPriorityInherit
                0x0800426c       0xec ./Middlewares/Third_Party/FreeRTOS/Source/tasks.o
                0x0800426c                xTaskPriorityInherit
 .text.xTaskPriorityDisinherit
                0x08004358      0x110 ./Middlewares/Third_Party/FreeRTOS/Source/tasks.o
                0x08004358                xTaskPriorityDisinherit
 .text.vTaskPriorityDisinheritAfterTimeout
                0x08004468      0x120 ./Middlewares/Third_Party/FreeRTOS/Source/tasks.o
                0x08004468                vTaskPriorityDisinheritAfterTimeout
 .text.pvTaskIncrementMutexHeldCount
                0x08004588       0x28 ./Middlewares/Third_Party/FreeRTOS/Source/tasks.o
                0x08004588                pvTaskIncrementMutexHeldCount
 .text.prvAddCurrentTaskToDelayedList
                0x080045b0       0xcc ./Middlewares/Third_Party/FreeRTOS/Source/tasks.o
 .text.xTimerCreateTimerTask
                0x0800467c       0x94 ./Middlewares/Third_Party/FreeRTOS/Source/timers.o
                0x0800467c                xTimerCreateTimerTask
 .text.xTimerGenericCommand
                0x08004710       0x9c ./Middlewares/Third_Party/FreeRTOS/Source/timers.o
                0x08004710                xTimerGenericCommand
 .text.prvProcessExpiredTimer
                0x080047ac       0x9c ./Middlewares/Third_Party/FreeRTOS/Source/timers.o
 .text.prvTimerTask
                0x08004848       0x26 ./Middlewares/Third_Party/FreeRTOS/Source/timers.o
 *fill*         0x0800486e        0x2 
 .text.prvProcessTimerOrBlockTask
                0x08004870       0x9c ./Middlewares/Third_Party/FreeRTOS/Source/timers.o
 .text.prvGetNextExpireTime
                0x0800490c       0x44 ./Middlewares/Third_Party/FreeRTOS/Source/timers.o
 .text.prvSampleTimeNow
                0x08004950       0x40 ./Middlewares/Third_Party/FreeRTOS/Source/timers.o
 .text.prvInsertTimerInActiveList
                0x08004990       0x84 ./Middlewares/Third_Party/FreeRTOS/Source/timers.o
 .text.prvProcessReceivedCommands
                0x08004a14      0x194 ./Middlewares/Third_Party/FreeRTOS/Source/timers.o
 .text.prvSwitchTimerLists
                0x08004ba8       0xcc ./Middlewares/Third_Party/FreeRTOS/Source/timers.o
 .text.prvCheckForValidListAndQueue
                0x08004c74       0x80 ./Middlewares/Third_Party/FreeRTOS/Source/timers.o
 .text.pxPortInitialiseStack
                0x08004cf4       0x58 ./Middlewares/Third_Party/FreeRTOS/Source/portable/GCC/ARM_CM3/port.o
                0x08004cf4                pxPortInitialiseStack
 .text.prvTaskExitError
                0x08004d4c       0x58 ./Middlewares/Third_Party/FreeRTOS/Source/portable/GCC/ARM_CM3/port.o
 *fill*         0x08004da4        0xc 
 .text.SVC_Handler
                0x08004db0       0x28 ./Middlewares/Third_Party/FreeRTOS/Source/portable/GCC/ARM_CM3/port.o
                0x08004db0                SVC_Handler
 .text.prvPortStartFirstTask
                0x08004dd8       0x20 ./Middlewares/Third_Party/FreeRTOS/Source/portable/GCC/ARM_CM3/port.o
 .text.xPortStartScheduler
                0x08004df8       0xe4 ./Middlewares/Third_Party/FreeRTOS/Source/portable/GCC/ARM_CM3/port.o
                0x08004df8                xPortStartScheduler
 .text.vPortEnterCritical
                0x08004edc       0x60 ./Middlewares/Third_Party/FreeRTOS/Source/portable/GCC/ARM_CM3/port.o
                0x08004edc                vPortEnterCritical
 .text.vPortExitCritical
                0x08004f3c       0x54 ./Middlewares/Third_Party/FreeRTOS/Source/portable/GCC/ARM_CM3/port.o
                0x08004f3c                vPortExitCritical
 .text.PendSV_Handler
                0x08004f90       0x48 ./Middlewares/Third_Party/FreeRTOS/Source/portable/GCC/ARM_CM3/port.o
                0x08004f90                PendSV_Handler
 .text.SysTick_Handler
                0x08004fd8       0x44 ./Middlewares/Third_Party/FreeRTOS/Source/portable/GCC/ARM_CM3/port.o
                0x08004fd8                SysTick_Handler
 .text.vPortSetupTimerInterrupt
                0x0800501c       0x44 ./Middlewares/Third_Party/FreeRTOS/Source/portable/GCC/ARM_CM3/port.o
                0x0800501c                vPortSetupTimerInterrupt
 .text.vPortValidateInterruptPriority
                0x08005060       0x80 ./Middlewares/Third_Party/FreeRTOS/Source/portable/GCC/ARM_CM3/port.o
                0x08005060                vPortValidateInterruptPriority
 .text.pvPortMalloc
                0x080050e0      0x19c ./Middlewares/Third_Party/FreeRTOS/Source/portable/MemMang/heap_4.o
                0x080050e0                pvPortMalloc
 .text.vPortFree
                0x0800527c       0xc8 ./Middlewares/Third_Party/FreeRTOS/Source/portable/MemMang/heap_4.o
                0x0800527c                vPortFree
 .text.prvHeapInit
                0x08005344       0xc4 ./Middlewares/Third_Party/FreeRTOS/Source/portable/MemMang/heap_4.o
 .text.prvInsertBlockIntoFreeList
                0x08005408       0xb0 ./Middlewares/Third_Party/FreeRTOS/Source/portable/MemMang/heap_4.o
 .text.memset   0x080054b8       0x10 /opt/st/stm32cubeide_1.19.0/plugins/com.st.stm32cube.ide.mcu.externaltools.gnu-tools-for-stm32.13.3.rel1.linux64_1.0.0.202410170706/tools/bin/../lib/gcc/arm-none-eabi/13.3.1/../../../../arm-none-eabi/lib/thumb/v7-m/nofp/libc_nano.a(libc_a-memset.o)
                0x080054b8                memset
 .text._reclaim_reent
                0x080054c8       0xbc /opt/st/stm32cubeide_1.19.0/plugins/com.st.stm32cube.ide.mcu.externaltools.gnu-tools-for-stm32.13.3.rel1.linux64_1.0.0.202410170706/tools/bin/../lib/gcc/arm-none-eabi/13.3.1/../../../../arm-none-eabi/lib/thumb/v7-m/nofp/libc_nano.a(libc_a-reent.o)
                0x080054c8                _reclaim_reent
 .text.__libc_init_array
                0x08005584       0x48 /opt/st/stm32cubeide_1.19.0/plugins/com.st.stm32cube.ide.mcu.externaltools.gnu-tools-for-stm32.13.3.rel1.linux64_1.0.0.202410170706/tools/bin/../lib/gcc/arm-none-eabi/13.3.1/../../../../arm-none-eabi/lib/thumb/v7-m/nofp/libc_nano.a(libc_a-init.o)
                0x08005584                __libc_init_array
 .text.__retarget_lock_acquire_recursive
                0x080055cc        0x2 /opt/st/stm32cubeide_1.19.0/plugins/com.st.stm32cube.ide.mcu.externaltools.gnu-tools-for-stm32.13.3.rel1.linux64_1.0.0.202410170706/tools/bin/../lib/gcc/arm-none-eabi/13.3.1/../../../../arm-none-eabi/lib/thumb/v7-m/nofp/libc_nano.a(libc_a-lock.o)
                0x080055cc                __retarget_lock_acquire_recursive
 .text.__retarget_lock_release_recursive
                0x080055ce        0x2 /opt/st/stm32cubeide_1.19.0/plugins/com.st.stm32cube.ide.mcu.externaltools.gnu-tools-for-stm32.13.3.rel1.linux64_1.0.0.202410170706/tools/bin/../lib/gcc/arm-none-eabi/13.3.1/../../../../arm-none-eabi/lib/thumb/v7-m/nofp/libc_nano.a(libc_a-lock.o)
                0x080055ce                __retarget_lock_release_recursive
 .text.memcpy   0x080055d0       0x1c /opt/st/stm32cubeide_1.19.0/plugins/com.st.stm32cube.ide.mcu.externaltools.gnu-tools-for-stm32.13.3.rel1.linux64_1.0.0.202410170706/tools/bin/../lib/gcc/arm-none-eabi/13.3.1/../../../../arm-none-eabi/lib/thumb/v7-m/nofp/libc_nano.a(libc_a-memcpy-stub.o)
                0x080055d0                memcpy
 .text._free_r  0x080055ec       0x90 /opt/st/stm32cubeide_1.19.0/plugins/com.st.stm32cube.ide.mcu.externaltools.gnu-tools-for-stm32.13.3.rel1.linux64_1.0.0.202410170706/tools/bin/../lib/gcc/arm-none-eabi/13.3.1/../../../../arm-none-eabi/lib/thumb/v7-m/nofp/libc_nano.a(libc_a-freer.o)
                0x080055ec                _free_r
 .text.__malloc_lock
                0x0800567c        0xc /opt/st/stm32cubeide_1.19.0/plugins/com.st.stm32cube.ide.mcu.externaltools.gnu-tools-for-stm32.13.3.rel1.linux64_1.0.0.202410170706/tools/bin/../lib/gcc/arm-none-eabi/13.3.1/../../../../arm-none-eabi/lib/thumb/v7-m/nofp/libc_nano.a(libc_a-mlock.o)
                0x0800567c                __malloc_lock
 .text.__malloc_unlock
                0x08005688        0xc /opt/st/stm32cubeide_1.19.0/plugins/com.st.stm32cube.ide.mcu.externaltools.gnu-tools-for-stm32.13.3.rel1.linux64_1.0.0.202410170706/tools/bin/../lib/gcc/arm-none-eabi/13.3.1/../../../../arm-none-eabi/lib/thumb/v7-m/nofp/libc_nano.a(libc_a-mlock.o)
                0x08005688                __malloc_unlock
 *(.glue_7)
 .glue_7        0x08005694        0x0 linker stubs
 *(.glue_7t)
 .glue_7t       0x08005694        0x0 linker stubs
 *(.eh_frame)
 .eh_frame      0x08005694        0x0 /opt/st/stm32cubeide_1.19.0/plugins/com.st.stm32cube.ide.mcu.externaltools.gnu-tools-for-stm32.13.3.rel1.linux64_1.0.0.202410170706/tools/bin/../lib/gcc/arm-none-eabi/13.3.1/thumb/v7-m/nofp/crtbegin.o
 *(.init)
 .init          0x08005694        0x4 /opt/st/stm32cubeide_1.19.0/plugins/com.st.stm32cube.ide.mcu.externaltools.gnu-tools-for-stm32.13.3.rel1.linux64_1.0.0.202410170706/tools/bin/../lib/gcc/arm-none-eabi/13.3.1/thumb/v7-m/nofp/crti.o
                0x08005694                _init
 .init          0x08005698        0x8 /opt/st/stm32cubeide_1.19.0/plugins/com.st.stm32cube.ide.mcu.externaltools.gnu-tools-for-stm32.13.3.rel1.linux64_1.0.0.202410170706/tools/bin/../lib/gcc/arm-none-eabi/13.3.1/thumb/v7-m/nofp/crtn.o
 *(.fini)
 .fini          0x080056a0        0x4 /opt/st/stm32cubeide_1.19.0/plugins/com.st.stm32cube.ide.mcu.externaltools.gnu-tools-for-stm32.13.3.rel1.linux64_1.0.0.202410170706/tools/bin/../lib/gcc/arm-none-eabi/13.3.1/thumb/v7-m/nofp/crti.o
                0x080056a0                _fini
 .fini          0x080056a4        0x8 /opt/st/stm32cubeide_1.19.0/plugins/com.st.stm32cube.ide.mcu.externaltools.gnu-tools-for-stm32.13.3.rel1.linux64_1.0.0.202410170706/tools/bin/../lib/gcc/arm-none-eabi/13.3.1/thumb/v7-m/nofp/crtn.o
                0x080056ac                        . = ALIGN (0x4)
                0x080056ac                        _etext = .

.vfp11_veneer   0x080056ac        0x0
 .vfp11_veneer  0x080056ac        0x0 linker stubs

.v4_bx          0x080056ac        0x0
 .v4_bx         0x080056ac        0x0 linker stubs

.iplt           0x080056ac        0x0
 .iplt          0x080056ac        0x0 /opt/st/stm32cubeide_1.19.0/plugins/com.st.stm32cube.ide.mcu.externaltools.gnu-tools-for-stm32.13.3.rel1.linux64_1.0.0.202410170706/tools/bin/../lib/gcc/arm-none-eabi/13.3.1/thumb/v7-m/nofp/crtbegin.o

.rodata         0x080056ac       0xb4
                0x080056ac                        . = ALIGN (0x4)
 *(.rodata)
 .rodata        0x080056ac       0x70 ./Core/Src/main.o
 .rodata        0x0800571c        0x5 ./Middlewares/Third_Party/FreeRTOS/Source/tasks.o
 *fill*         0x08005721        0x3 
 .rodata        0x08005724        0xd ./Middlewares/Third_Party/FreeRTOS/Source/timers.o
 *(.rodata*)
 *fill*         0x08005731        0x3 
 .rodata.AHBPrescTable
                0x08005734       0x10 ./Core/Src/system_stm32f1xx.o
                0x08005734                AHBPrescTable
 .rodata.APBPrescTable
                0x08005744        0x8 ./Core/Src/system_stm32f1xx.o
                0x08005744                APBPrescTable
 .rodata.aPLLMULFactorTable.1
                0x0800574c       0x10 ./Drivers/STM32F1xx_HAL_Driver/Src/stm32f1xx_hal_rcc.o
 .rodata.aPredivFactorTable.0
                0x0800575c        0x2 ./Drivers/STM32F1xx_HAL_Driver/Src/stm32f1xx_hal_rcc.o
                0x08005760                        . = ALIGN (0x4)
 *fill*         0x0800575e        0x2 

.ARM.extab      0x08005760        0x0
                0x08005760                        . = ALIGN (0x4)
 *(.ARM.extab* .gnu.linkonce.armextab.*)
                0x08005760                        . = ALIGN (0x4)

.ARM            0x08005760        0x0
                0x08005760                        . = ALIGN (0x4)
                0x08005760                        __exidx_start = .
 *(.ARM.exidx*)
                0x08005760                        __exidx_end = .
                0x08005760                        . = ALIGN (0x4)

.preinit_array  0x08005760        0x0
                0x08005760                        . = ALIGN (0x4)
                0x08005760                        PROVIDE (__preinit_array_start = .)
 *(.preinit_array*)
                0x08005760                        PROVIDE (__preinit_array_end = .)
                0x08005760                        . = ALIGN (0x4)

.init_array     0x08005760        0x4
                0x08005760                        . = ALIGN (0x4)
                0x08005760                        PROVIDE (__init_array_start = .)
 *(SORT_BY_NAME(.init_array.*))
 *(.init_array*)
 .init_array    0x08005760        0x4 /opt/st/stm32cubeide_1.19.0/plugins/com.st.stm32cube.ide.mcu.externaltools.gnu-tools-for-stm32.13.3.rel1.linux64_1.0.0.202410170706/tools/bin/../lib/gcc/arm-none-eabi/13.3.1/thumb/v7-m/nofp/crtbegin.o
                0x08005764                        PROVIDE (__init_array_end = .)
                0x08005764                        . = ALIGN (0x4)

.fini_array     0x08005764        0x4
                0x08005764                        . = ALIGN (0x4)
                [!provide]                        PROVIDE (__fini_array_start = .)
 *(SORT_BY_NAME(.fini_array.*))
 *(.fini_array*)
 .fini_array    0x08005764        0x4 /opt/st/stm32cubeide_1.19.0/plugins/com.st.stm32cube.ide.mcu.externaltools.gnu-tools-for-stm32.13.3.rel1.linux64_1.0.0.202410170706/tools/bin/../lib/gcc/arm-none-eabi/13.3.1/thumb/v7-m/nofp/crtbegin.o
                [!provide]                        PROVIDE (__fini_array_end = .)
                0x08005768                        . = ALIGN (0x4)
                0x08005768                        _sidata = LOADADDR (.data)

.rel.dyn        0x08005768        0x0
 .rel.iplt      0x08005768        0x0 /opt/st/stm32cubeide_1.19.0/plugins/com.st.stm32cube.ide.mcu.externaltools.gnu-tools-for-stm32.13.3.rel1.linux64_1.0.0.202410170706/tools/bin/../lib/gcc/arm-none-eabi/13.3.1/thumb/v7-m/nofp/crtbegin.o

.data           0x20000000       0x60 load address 0x08005768
                0x20000000                        . = ALIGN (0x4)
                0x20000000                        _sdata = .
 *(.data)
 *(.data*)
 .data.SystemCoreClock
                0x20000000        0x4 ./Core/Src/system_stm32f1xx.o
                0x20000000                SystemCoreClock
 .data.uwTickPrio
                0x20000004        0x4 ./Drivers/STM32F1xx_HAL_Driver/Src/stm32f1xx_hal.o
                0x20000004                uwTickPrio
 .data.uwTickFreq
                0x20000008        0x1 ./Drivers/STM32F1xx_HAL_Driver/Src/stm32f1xx_hal.o
                0x20000008                uwTickFreq
 *fill*         0x20000009        0x3 
 .data.uxCriticalNesting
                0x2000000c        0x4 ./Middlewares/Third_Party/FreeRTOS/Source/portable/GCC/ARM_CM3/port.o
 .data._impure_ptr
                0x20000010        0x4 /opt/st/stm32cubeide_1.19.0/plugins/com.st.stm32cube.ide.mcu.externaltools.gnu-tools-for-stm32.13.3.rel1.linux64_1.0.0.202410170706/tools/bin/../lib/gcc/arm-none-eabi/13.3.1/../../../../arm-none-eabi/lib/thumb/v7-m/nofp/libc_nano.a(libc_a-impure.o)
                0x20000010                _impure_ptr
 .data._impure_data
                0x20000014       0x4c /opt/st/stm32cubeide_1.19.0/plugins/com.st.stm32cube.ide.mcu.externaltools.gnu-tools-for-stm32.13.3.rel1.linux64_1.0.0.202410170706/tools/bin/../lib/gcc/arm-none-eabi/13.3.1/../../../../arm-none-eabi/lib/thumb/v7-m/nofp/libc_nano.a(libc_a-impure.o)
                0x20000014                _impure_data
 *(.RamFunc)
 *(.RamFunc*)
                0x20000060                        . = ALIGN (0x4)
                0x20000060                        _edata = .

.igot.plt       0x20000060        0x0 load address 0x080057c8
 .igot.plt      0x20000060        0x0 /opt/st/stm32cubeide_1.19.0/plugins/com.st.stm32cube.ide.mcu.externaltools.gnu-tools-for-stm32.13.3.rel1.linux64_1.0.0.202410170706/tools/bin/../lib/gcc/arm-none-eabi/13.3.1/thumb/v7-m/nofp/crtbegin.o
                0x20000060                        . = ALIGN (0x4)

.bss            0x20000060     0x17d0 load address 0x080057c8
                0x20000060                        _sbss = .
                0x20000060                        __bss_start__ = _sbss
 *(.bss)
 .bss           0x20000060       0x1c /opt/st/stm32cubeide_1.19.0/plugins/com.st.stm32cube.ide.mcu.externaltools.gnu-tools-for-stm32.13.3.rel1.linux64_1.0.0.202410170706/tools/bin/../lib/gcc/arm-none-eabi/13.3.1/thumb/v7-m/nofp/crtbegin.o
 *(.bss*)
 .bss.xIdleTaskTCBBuffer
                0x2000007c       0xa0 ./Core/Src/freertos.o
 .bss.xIdleStack
                0x2000011c      0x200 ./Core/Src/freertos.o
 .bss.xTimerTaskTCBBuffer
                0x2000031c       0xa0 ./Core/Src/freertos.o
 .bss.xTimerStack
                0x200003bc      0x400 ./Core/Src/freertos.o
 .bss.huart1    0x200007bc       0x48 ./Core/Src/main.o
                0x200007bc                huart1
 .bss.defaultTaskHandle
                0x20000804        0x4 ./Core/Src/main.o
                0x20000804                defaultTaskHandle
 .bss.Task_2Handle
                0x20000808        0x4 ./Core/Src/main.o
                0x20000808                Task_2Handle
 .bss.Task3Handle
                0x2000080c        0x4 ./Core/Src/main.o
                0x2000080c                Task3Handle
 .bss.Mutex_200msHandle
                0x20000810        0x4 ./Core/Src/main.o
                0x20000810                Mutex_200msHandle
 .bss.htim1     0x20000814       0x48 ./Core/Src/stm32f1xx_hal_timebase_tim.o
                0x20000814                htim1
 .bss.uwTick    0x2000085c        0x4 ./Drivers/STM32F1xx_HAL_Driver/Src/stm32f1xx_hal.o
                0x2000085c                uwTick
 .bss.xQueueRegistry
                0x20000860       0x40 ./Middlewares/Third_Party/FreeRTOS/Source/queue.o
                0x20000860                xQueueRegistry
 .bss.pxCurrentTCB
                0x200008a0        0x4 ./Middlewares/Third_Party/FreeRTOS/Source/tasks.o
                0x200008a0                pxCurrentTCB
 .bss.pxReadyTasksLists
                0x200008a4       0x8c ./Middlewares/Third_Party/FreeRTOS/Source/tasks.o
 .bss.xDelayedTaskList1
                0x20000930       0x14 ./Middlewares/Third_Party/FreeRTOS/Source/tasks.o
 .bss.xDelayedTaskList2
                0x20000944       0x14 ./Middlewares/Third_Party/FreeRTOS/Source/tasks.o
 .bss.pxDelayedTaskList
                0x20000958        0x4 ./Middlewares/Third_Party/FreeRTOS/Source/tasks.o
 .bss.pxOverflowDelayedTaskList
                0x2000095c        0x4 ./Middlewares/Third_Party/FreeRTOS/Source/tasks.o
 .bss.xPendingReadyList
                0x20000960       0x14 ./Middlewares/Third_Party/FreeRTOS/Source/tasks.o
 .bss.xTasksWaitingTermination
                0x20000974       0x14 ./Middlewares/Third_Party/FreeRTOS/Source/tasks.o
 .bss.uxDeletedTasksWaitingCleanUp
                0x20000988        0x4 ./Middlewares/Third_Party/FreeRTOS/Source/tasks.o
 .bss.xSuspendedTaskList
                0x2000098c       0x14 ./Middlewares/Third_Party/FreeRTOS/Source/tasks.o
 .bss.uxCurrentNumberOfTasks
                0x200009a0        0x4 ./Middlewares/Third_Party/FreeRTOS/Source/tasks.o
 .bss.xTickCount
                0x200009a4        0x4 ./Middlewares/Third_Party/FreeRTOS/Source/tasks.o
 .bss.uxTopReadyPriority
                0x200009a8        0x4 ./Middlewares/Third_Party/FreeRTOS/Source/tasks.o
 .bss.xSchedulerRunning
                0x200009ac        0x4 ./Middlewares/Third_Party/FreeRTOS/Source/tasks.o
 .bss.xPendedTicks
                0x200009b0        0x4 ./Middlewares/Third_Party/FreeRTOS/Source/tasks.o
 .bss.xYieldPending
                0x200009b4        0x4 ./Middlewares/Third_Party/FreeRTOS/Source/tasks.o
 .bss.xNumOfOverflows
                0x200009b8        0x4 ./Middlewares/Third_Party/FreeRTOS/Source/tasks.o
 .bss.uxTaskNumber
                0x200009bc        0x4 ./Middlewares/Third_Party/FreeRTOS/Source/tasks.o
 .bss.xNextTaskUnblockTime
                0x200009c0        0x4 ./Middlewares/Third_Party/FreeRTOS/Source/tasks.o
 .bss.xIdleTaskHandle
                0x200009c4        0x4 ./Middlewares/Third_Party/FreeRTOS/Source/tasks.o
 .bss.uxSchedulerSuspended
                0x200009c8        0x4 ./Middlewares/Third_Party/FreeRTOS/Source/tasks.o
 .bss.xActiveTimerList1
                0x200009cc       0x14 ./Middlewares/Third_Party/FreeRTOS/Source/timers.o
 .bss.xActiveTimerList2
                0x200009e0       0x14 ./Middlewares/Third_Party/FreeRTOS/Source/timers.o
 .bss.pxCurrentTimerList
                0x200009f4        0x4 ./Middlewares/Third_Party/FreeRTOS/Source/timers.o
 .bss.pxOverflowTimerList
                0x200009f8        0x4 ./Middlewares/Third_Party/FreeRTOS/Source/timers.o
 .bss.xTimerQueue
                0x200009fc        0x4 ./Middlewares/Third_Party/FreeRTOS/Source/timers.o
 .bss.xTimerTaskHandle
                0x20000a00        0x4 ./Middlewares/Third_Party/FreeRTOS/Source/timers.o
 .bss.xLastTime.2
                0x20000a04        0x4 ./Middlewares/Third_Party/FreeRTOS/Source/timers.o
 .bss.ucStaticTimerQueueStorage.1
                0x20000a08       0x78 ./Middlewares/Third_Party/FreeRTOS/Source/timers.o
 .bss.xStaticTimerQueue.0
                0x20000a80       0x48 ./Middlewares/Third_Party/FreeRTOS/Source/timers.o
 .bss.ucMaxSysCallPriority
                0x20000ac8        0x1 ./Middlewares/Third_Party/FreeRTOS/Source/portable/GCC/ARM_CM3/port.o
 *fill*         0x20000ac9        0x3 
 .bss.ulMaxPRIGROUPValue
                0x20000acc        0x4 ./Middlewares/Third_Party/FreeRTOS/Source/portable/GCC/ARM_CM3/port.o
 .bss.ucHeap    0x20000ad0      0xc00 ./Middlewares/Third_Party/FreeRTOS/Source/portable/MemMang/heap_4.o
 .bss.xStart    0x200016d0        0x8 ./Middlewares/Third_Party/FreeRTOS/Source/portable/MemMang/heap_4.o
 .bss.pxEnd     0x200016d8        0x4 ./Middlewares/Third_Party/FreeRTOS/Source/portable/MemMang/heap_4.o
 .bss.xFreeBytesRemaining
                0x200016dc        0x4 ./Middlewares/Third_Party/FreeRTOS/Source/portable/MemMang/heap_4.o
 .bss.xMinimumEverFreeBytesRemaining
                0x200016e0        0x4 ./Middlewares/Third_Party/FreeRTOS/Source/portable/MemMang/heap_4.o
 .bss.xNumberOfSuccessfulAllocations
                0x200016e4        0x4 ./Middlewares/Third_Party/FreeRTOS/Source/portable/MemMang/heap_4.o
 .bss.xNumberOfSuccessfulFrees
                0x200016e8        0x4 ./Middlewares/Third_Party/FreeRTOS/Source/portable/MemMang/heap_4.o
 .bss.xBlockAllocatedBit
                0x200016ec        0x4 ./Middlewares/Third_Party/FreeRTOS/Source/portable/MemMang/heap_4.o
 .bss.__sf      0x200016f0      0x138 /opt/st/stm32cubeide_1.19.0/plugins/com.st.stm32cube.ide.mcu.externaltools.gnu-tools-for-stm32.13.3.rel1.linux64_1.0.0.202410170706/tools/bin/../lib/gcc/arm-none-eabi/13.3.1/../../../../arm-none-eabi/lib/thumb/v7-m/nofp/libc_nano.a(libc_a-findfp.o)
                0x200016f0                __sf
 .bss.__lock___malloc_recursive_mutex
                0x20001828        0x1 /opt/st/stm32cubeide_1.19.0/plugins/com.st.stm32cube.ide.mcu.externaltools.gnu-tools-for-stm32.13.3.rel1.linux64_1.0.0.202410170706/tools/bin/../lib/gcc/arm-none-eabi/13.3.1/../../../../arm-none-eabi/lib/thumb/v7-m/nofp/libc_nano.a(libc_a-lock.o)
                0x20001828                __lock___malloc_recursive_mutex
 *fill*         0x20001829        0x3 
 .bss.__malloc_free_list
                0x2000182c        0x4 /opt/st/stm32cubeide_1.19.0/plugins/com.st.stm32cube.ide.mcu.externaltools.gnu-tools-for-stm32.13.3.rel1.linux64_1.0.0.202410170706/tools/bin/../lib/gcc/arm-none-eabi/13.3.1/../../../../arm-none-eabi/lib/thumb/v7-m/nofp/libc_nano.a(libc_a-mallocr.o)
                0x2000182c                __malloc_free_list
 *(COMMON)
                0x20001830                        . = ALIGN (0x4)
                0x20001830                        _ebss = .
                0x20001830                        __bss_end__ = _ebss

._user_heap_stack
                0x20001830      0x600 load address 0x080057c8
                0x20001830                        . = ALIGN (0x8)
                [!provide]                        PROVIDE (end = .)
                0x20001830                        PROVIDE (_end = .)
                0x20001a30                        . = (. + _Min_Heap_Size)
 *fill*         0x20001830      0x200 
                0x20001e30                        . = (. + _Min_Stack_Size)
 *fill*         0x20001a30      0x400 
                0x20001e30                        . = ALIGN (0x8)

/DISCARD/
 libc.a(*)
 libm.a(*)
 libgcc.a(*)

.ARM.attributes
                0x00000000       0x29
 *(.ARM.attributes)
 .ARM.attributes
                0x00000000       0x1d /opt/st/stm32cubeide_1.19.0/plugins/com.st.stm32cube.ide.mcu.externaltools.gnu-tools-for-stm32.13.3.rel1.linux64_1.0.0.202410170706/tools/bin/../lib/gcc/arm-none-eabi/13.3.1/thumb/v7-m/nofp/crti.o
 .ARM.attributes
                0x0000001d       0x2d /opt/st/stm32cubeide_1.19.0/plugins/com.st.stm32cube.ide.mcu.externaltools.gnu-tools-for-stm32.13.3.rel1.linux64_1.0.0.202410170706/tools/bin/../lib/gcc/arm-none-eabi/13.3.1/thumb/v7-m/nofp/crtbegin.o
 .ARM.attributes
                0x0000004a       0x2d ./Core/Src/freertos.o
 .ARM.attributes
                0x00000077       0x2d ./Core/Src/main.o
 .ARM.attributes
                0x000000a4       0x2d ./Core/Src/stm32f1xx_hal_msp.o
 .ARM.attributes
                0x000000d1       0x2d ./Core/Src/stm32f1xx_hal_timebase_tim.o
 .ARM.attributes
                0x000000fe       0x2d ./Core/Src/stm32f1xx_it.o
 .ARM.attributes
                0x0000012b       0x2d ./Core/Src/system_stm32f1xx.o
 .ARM.attributes
                0x00000158       0x21 ./Core/Startup/startup_stm32f103c8tx.o
 .ARM.attributes
                0x00000179       0x2d ./Drivers/STM32F1xx_HAL_Driver/Src/stm32f1xx_hal.o
 .ARM.attributes
                0x000001a6       0x2d ./Drivers/STM32F1xx_HAL_Driver/Src/stm32f1xx_hal_cortex.o
 .ARM.attributes
                0x000001d3       0x2d ./Drivers/STM32F1xx_HAL_Driver/Src/stm32f1xx_hal_dma.o
 .ARM.attributes
                0x00000200       0x2d ./Drivers/STM32F1xx_HAL_Driver/Src/stm32f1xx_hal_gpio.o
 .ARM.attributes
                0x0000022d       0x2d ./Drivers/STM32F1xx_HAL_Driver/Src/stm32f1xx_hal_rcc.o
 .ARM.attributes
                0x0000025a       0x2d ./Drivers/STM32F1xx_HAL_Driver/Src/stm32f1xx_hal_tim.o
 .ARM.attributes
                0x00000287       0x2d ./Drivers/STM32F1xx_HAL_Driver/Src/stm32f1xx_hal_tim_ex.o
 .ARM.attributes
                0x000002b4       0x2d ./Drivers/STM32F1xx_HAL_Driver/Src/stm32f1xx_hal_uart.o
 .ARM.attributes
                0x000002e1       0x2d ./Middlewares/Third_Party/FreeRTOS/Source/CMSIS_RTOS/cmsis_os.o
 .ARM.attributes
                0x0000030e       0x2d ./Middlewares/Third_Party/FreeRTOS/Source/list.o
 .ARM.attributes
                0x0000033b       0x2d ./Middlewares/Third_Party/FreeRTOS/Source/queue.o
 .ARM.attributes
                0x00000368       0x2d ./Middlewares/Third_Party/FreeRTOS/Source/tasks.o
 .ARM.attributes
                0x00000395       0x2d ./Middlewares/Third_Party/FreeRTOS/Source/timers.o
 .ARM.attributes
                0x000003c2       0x2d ./Middlewares/Third_Party/FreeRTOS/Source/portable/GCC/ARM_CM3/port.o
 .ARM.attributes
                0x000003ef       0x2d ./Middlewares/Third_Party/FreeRTOS/Source/portable/MemMang/heap_4.o
 .ARM.attributes
                0x0000041c       0x2d /opt/st/stm32cubeide_1.19.0/plugins/com.st.stm32cube.ide.mcu.externaltools.gnu-tools-for-stm32.13.3.rel1.linux64_1.0.0.202410170706/tools/bin/../lib/gcc/arm-none-eabi/13.3.1/../../../../arm-none-eabi/lib/thumb/v7-m/nofp/libc_nano.a(libc_a-findfp.o)
 .ARM.attributes
                0x00000449       0x2d /opt/st/stm32cubeide_1.19.0/plugins/com.st.stm32cube.ide.mcu.externaltools.gnu-tools-for-stm32.13.3.rel1.linux64_1.0.0.202410170706/tools/bin/../lib/gcc/arm-none-eabi/13.3.1/../../../../arm-none-eabi/lib/thumb/v7-m/nofp/libc_nano.a(libc_a-memset.o)
 .ARM.attributes
                0x00000476       0x2d /opt/st/stm32cubeide_1.19.0/plugins/com.st.stm32cube.ide.mcu.externaltools.gnu-tools-for-stm32.13.3.rel1.linux64_1.0.0.202410170706/tools/bin/../lib/gcc/arm-none-eabi/13.3.1/../../../../arm-none-eabi/lib/thumb/v7-m/nofp/libc_nano.a(libc_a-reent.o)
 .ARM.attributes
                0x000004a3       0x2d /opt/st/stm32cubeide_1.19.0/plugins/com.st.stm32cube.ide.mcu.externaltools.gnu-tools-for-stm32.13.3.rel1.linux64_1.0.0.202410170706/tools/bin/../lib/gcc/arm-none-eabi/13.3.1/../../../../arm-none-eabi/lib/thumb/v7-m/nofp/libc_nano.a(libc_a-impure.o)
 .ARM.attributes
                0x000004d0       0x2d /opt/st/stm32cubeide_1.19.0/plugins/com.st.stm32cube.ide.mcu.externaltools.gnu-tools-for-stm32.13.3.rel1.linux64_1.0.0.202410170706/tools/bin/../lib/gcc/arm-none-eabi/13.3.1/../../../../arm-none-eabi/lib/thumb/v7-m/nofp/libc_nano.a(libc_a-init.o)
 .ARM.attributes
                0x000004fd       0x2d /opt/st/stm32cubeide_1.19.0/plugins/com.st.stm32cube.ide.mcu.externaltools.gnu-tools-for-stm32.13.3.rel1.linux64_1.0.0.202410170706/tools/bin/../lib/gcc/arm-none-eabi/13.3.1/../../../../arm-none-eabi/lib/thumb/v7-m/nofp/libc_nano.a(libc_a-lock.o)
 .ARM.attributes
                0x0000052a       0x2d /opt/st/stm32cubeide_1.19.0/plugins/com.st.stm32cube.ide.mcu.externaltools.gnu-tools-for-stm32.13.3.rel1.linux64_1.0.0.202410170706/tools/bin/../lib/gcc/arm-none-eabi/13.3.1/../../../../arm-none-eabi/lib/thumb/v7-m/nofp/libc_nano.a(libc_a-memcpy-stub.o)
 .ARM.attributes
                0x00000557       0x2d /opt/st/stm32cubeide_1.19.0/plugins/com.st.stm32cube.ide.mcu.externaltools.gnu-tools-for-stm32.13.3.rel1.linux64_1.0.0.202410170706/tools/bin/../lib/gcc/arm-none-eabi/13.3.1/../../../../arm-none-eabi/lib/thumb/v7-m/nofp/libc_nano.a(libc_a-freer.o)
 .ARM.attributes
                0x00000584       0x2d /opt/st/stm32cubeide_1.19.0/plugins/com.st.stm32cube.ide.mcu.externaltools.gnu-tools-for-stm32.13.3.rel1.linux64_1.0.0.202410170706/tools/bin/../lib/gcc/arm-none-eabi/13.3.1/../../../../arm-none-eabi/lib/thumb/v7-m/nofp/libc_nano.a(libc_a-mallocr.o)
 .ARM.attributes
                0x000005b1       0x2d /opt/st/stm32cubeide_1.19.0/plugins/com.st.stm32cube.ide.mcu.externaltools.gnu-tools-for-stm32.13.3.rel1.linux64_1.0.0.202410170706/tools/bin/../lib/gcc/arm-none-eabi/13.3.1/../../../../arm-none-eabi/lib/thumb/v7-m/nofp/libc_nano.a(libc_a-mlock.o)
 .ARM.attributes
                0x000005de       0x1d /opt/st/stm32cubeide_1.19.0/plugins/com.st.stm32cube.ide.mcu.externaltools.gnu-tools-for-stm32.13.3.rel1.linux64_1.0.0.202410170706/tools/bin/../lib/gcc/arm-none-eabi/13.3.1/thumb/v7-m/nofp/crtn.o
OUTPUT(FreeRTOS_task.elf elf32-littlearm)
LOAD linker stubs
LOAD /opt/st/stm32cubeide_1.19.0/plugins/com.st.stm32cube.ide.mcu.externaltools.gnu-tools-for-stm32.13.3.rel1.linux64_1.0.0.202410170706/tools/bin/../lib/gcc/arm-none-eabi/13.3.1/../../../../arm-none-eabi/lib/thumb/v7-m/nofp/libc.a
LOAD /opt/st/stm32cubeide_1.19.0/plugins/com.st.stm32cube.ide.mcu.externaltools.gnu-tools-for-stm32.13.3.rel1.linux64_1.0.0.202410170706/tools/bin/../lib/gcc/arm-none-eabi/13.3.1/../../../../arm-none-eabi/lib/thumb/v7-m/nofp/libm.a
LOAD /opt/st/stm32cubeide_1.19.0/plugins/com.st.stm32cube.ide.mcu.externaltools.gnu-tools-for-stm32.13.3.rel1.linux64_1.0.0.202410170706/tools/bin/../lib/gcc/arm-none-eabi/13.3.1/thumb/v7-m/nofp/libgcc.a

.debug_info     0x00000000    0x15926
 .debug_info    0x00000000      0x98b ./Core/Src/freertos.o
 .debug_info    0x0000098b     0x1a50 ./Core/Src/main.o
 .debug_info    0x000023db      0x989 ./Core/Src/stm32f1xx_hal_msp.o
 .debug_info    0x00002d64      0x99a ./Core/Src/stm32f1xx_hal_timebase_tim.o
 .debug_info    0x000036fe      0x913 ./Core/Src/stm32f1xx_it.o
 .debug_info    0x00004011      0x222 ./Core/Src/system_stm32f1xx.o
 .debug_info    0x00004233       0x30 ./Core/Startup/startup_stm32f103c8tx.o
 .debug_info    0x00004263      0x704 ./Drivers/STM32F1xx_HAL_Driver/Src/stm32f1xx_hal.o
 .debug_info    0x00004967      0xa87 ./Drivers/STM32F1xx_HAL_Driver/Src/stm32f1xx_hal_cortex.o
 .debug_info    0x000053ee      0x6d2 ./Drivers/STM32F1xx_HAL_Driver/Src/stm32f1xx_hal_dma.o
 .debug_info    0x00005ac0      0x5ab ./Drivers/STM32F1xx_HAL_Driver/Src/stm32f1xx_hal_gpio.o
 .debug_info    0x0000606b      0x7d5 ./Drivers/STM32F1xx_HAL_Driver/Src/stm32f1xx_hal_rcc.o
 .debug_info    0x00006840     0x2959 ./Drivers/STM32F1xx_HAL_Driver/Src/stm32f1xx_hal_tim.o
 .debug_info    0x00009199     0x149b ./Drivers/STM32F1xx_HAL_Driver/Src/stm32f1xx_hal_tim_ex.o
 .debug_info    0x0000a634     0x2eed ./Drivers/STM32F1xx_HAL_Driver/Src/stm32f1xx_hal_uart.o
 .debug_info    0x0000d521     0x22b5 ./Middlewares/Third_Party/FreeRTOS/Source/CMSIS_RTOS/cmsis_os.o
 .debug_info    0x0000f7d6      0x2af ./Middlewares/Third_Party/FreeRTOS/Source/list.o
 .debug_info    0x0000fa85     0x183b ./Middlewares/Third_Party/FreeRTOS/Source/queue.o
 .debug_info    0x000112c0     0x2408 ./Middlewares/Third_Party/FreeRTOS/Source/tasks.o
 .debug_info    0x000136c8     0x18f5 ./Middlewares/Third_Party/FreeRTOS/Source/timers.o
 .debug_info    0x00014fbd      0x494 ./Middlewares/Third_Party/FreeRTOS/Source/portable/GCC/ARM_CM3/port.o
 .debug_info    0x00015451      0x4d5 ./Middlewares/Third_Party/FreeRTOS/Source/portable/MemMang/heap_4.o

.debug_abbrev   0x00000000     0x331b
 .debug_abbrev  0x00000000      0x187 ./Core/Src/freertos.o
 .debug_abbrev  0x00000187      0x312 ./Core/Src/main.o
 .debug_abbrev  0x00000499      0x1ca ./Core/Src/stm32f1xx_hal_msp.o
 .debug_abbrev  0x00000663      0x1f3 ./Core/Src/stm32f1xx_hal_timebase_tim.o
 .debug_abbrev  0x00000856      0x188 ./Core/Src/stm32f1xx_it.o
 .debug_abbrev  0x000009de      0x13f ./Core/Src/system_stm32f1xx.o
 .debug_abbrev  0x00000b1d       0x24 ./Core/Startup/startup_stm32f103c8tx.o
 .debug_abbrev  0x00000b41      0x201 ./Drivers/STM32F1xx_HAL_Driver/Src/stm32f1xx_hal.o
 .debug_abbrev  0x00000d42      0x2f8 ./Drivers/STM32F1xx_HAL_Driver/Src/stm32f1xx_hal_cortex.o
 .debug_abbrev  0x0000103a      0x20b ./Drivers/STM32F1xx_HAL_Driver/Src/stm32f1xx_hal_dma.o
 .debug_abbrev  0x00001245      0x1ca ./Drivers/STM32F1xx_HAL_Driver/Src/stm32f1xx_hal_gpio.o
 .debug_abbrev  0x0000140f      0x2b3 ./Drivers/STM32F1xx_HAL_Driver/Src/stm32f1xx_hal_rcc.o
 .debug_abbrev  0x000016c2      0x277 ./Drivers/STM32F1xx_HAL_Driver/Src/stm32f1xx_hal_tim.o
 .debug_abbrev  0x00001939      0x282 ./Drivers/STM32F1xx_HAL_Driver/Src/stm32f1xx_hal_tim_ex.o
 .debug_abbrev  0x00001bbb      0x2f8 ./Drivers/STM32F1xx_HAL_Driver/Src/stm32f1xx_hal_uart.o
 .debug_abbrev  0x00001eb3      0x416 ./Middlewares/Third_Party/FreeRTOS/Source/CMSIS_RTOS/cmsis_os.o
 .debug_abbrev  0x000022c9       0xf5 ./Middlewares/Third_Party/FreeRTOS/Source/list.o
 .debug_abbrev  0x000023be      0x3b6 ./Middlewares/Third_Party/FreeRTOS/Source/queue.o
 .debug_abbrev  0x00002774      0x3e5 ./Middlewares/Third_Party/FreeRTOS/Source/tasks.o
 .debug_abbrev  0x00002b59      0x34d ./Middlewares/Third_Party/FreeRTOS/Source/timers.o
 .debug_abbrev  0x00002ea6      0x258 ./Middlewares/Third_Party/FreeRTOS/Source/portable/GCC/ARM_CM3/port.o
 .debug_abbrev  0x000030fe      0x21d ./Middlewares/Third_Party/FreeRTOS/Source/portable/MemMang/heap_4.o

.debug_aranges  0x00000000     0x12a0
 .debug_aranges
                0x00000000       0x28 ./Core/Src/freertos.o
 .debug_aranges
                0x00000028       0x60 ./Core/Src/main.o
 .debug_aranges
                0x00000088       0x30 ./Core/Src/stm32f1xx_hal_msp.o
 .debug_aranges
                0x000000b8       0x30 ./Core/Src/stm32f1xx_hal_timebase_tim.o
 .debug_aranges
                0x000000e8       0x58 ./Core/Src/stm32f1xx_it.o
 .debug_aranges
                0x00000140       0x28 ./Core/Src/system_stm32f1xx.o
 .debug_aranges
                0x00000168       0x28 ./Core/Startup/startup_stm32f103c8tx.o
 .debug_aranges
                0x00000190       0xe0 ./Drivers/STM32F1xx_HAL_Driver/Src/stm32f1xx_hal.o
 .debug_aranges
                0x00000270      0x100 ./Drivers/STM32F1xx_HAL_Driver/Src/stm32f1xx_hal_cortex.o
 .debug_aranges
                0x00000370       0x80 ./Drivers/STM32F1xx_HAL_Driver/Src/stm32f1xx_hal_dma.o
 .debug_aranges
                0x000003f0       0x58 ./Drivers/STM32F1xx_HAL_Driver/Src/stm32f1xx_hal_gpio.o
 .debug_aranges
                0x00000448       0x90 ./Drivers/STM32F1xx_HAL_Driver/Src/stm32f1xx_hal_rcc.o
 .debug_aranges
                0x000004d8      0x3d0 ./Drivers/STM32F1xx_HAL_Driver/Src/stm32f1xx_hal_tim.o
 .debug_aranges
                0x000008a8      0x168 ./Drivers/STM32F1xx_HAL_Driver/Src/stm32f1xx_hal_tim_ex.o
 .debug_aranges
                0x00000a10      0x208 ./Drivers/STM32F1xx_HAL_Driver/Src/stm32f1xx_hal_uart.o
 .debug_aranges
                0x00000c18      0x1d8 ./Middlewares/Third_Party/FreeRTOS/Source/CMSIS_RTOS/cmsis_os.o
 .debug_aranges
                0x00000df0       0x40 ./Middlewares/Third_Party/FreeRTOS/Source/list.o
 .debug_aranges
                0x00000e30      0x110 ./Middlewares/Third_Party/FreeRTOS/Source/queue.o
 .debug_aranges
                0x00000f40      0x1c0 ./Middlewares/Third_Party/FreeRTOS/Source/tasks.o
 .debug_aranges
                0x00001100       0xd0 ./Middlewares/Third_Party/FreeRTOS/Source/timers.o
 .debug_aranges
                0x000011d0       0x78 ./Middlewares/Third_Party/FreeRTOS/Source/portable/GCC/ARM_CM3/port.o
 .debug_aranges
                0x00001248       0x58 ./Middlewares/Third_Party/FreeRTOS/Source/portable/MemMang/heap_4.o

.debug_rnglists
                0x00000000      0xe7e
 .debug_rnglists
                0x00000000       0x19 ./Core/Src/freertos.o
 .debug_rnglists
                0x00000019       0x46 ./Core/Src/main.o
 .debug_rnglists
                0x0000005f       0x20 ./Core/Src/stm32f1xx_hal_msp.o
 .debug_rnglists
                0x0000007f       0x20 ./Core/Src/stm32f1xx_hal_timebase_tim.o
 .debug_rnglists
                0x0000009f       0x3d ./Core/Src/stm32f1xx_it.o
 .debug_rnglists
                0x000000dc       0x1a ./Core/Src/system_stm32f1xx.o
 .debug_rnglists
                0x000000f6       0x19 ./Core/Startup/startup_stm32f103c8tx.o
 .debug_rnglists
                0x0000010f       0xa3 ./Drivers/STM32F1xx_HAL_Driver/Src/stm32f1xx_hal.o
 .debug_rnglists
                0x000001b2       0xbb ./Drivers/STM32F1xx_HAL_Driver/Src/stm32f1xx_hal_cortex.o
 .debug_rnglists
                0x0000026d       0x64 ./Drivers/STM32F1xx_HAL_Driver/Src/stm32f1xx_hal_dma.o
 .debug_rnglists
                0x000002d1       0x3f ./Drivers/STM32F1xx_HAL_Driver/Src/stm32f1xx_hal_gpio.o
 .debug_rnglists
                0x00000310       0x6c ./Drivers/STM32F1xx_HAL_Driver/Src/stm32f1xx_hal_rcc.o
 .debug_rnglists
                0x0000037c      0x31a ./Drivers/STM32F1xx_HAL_Driver/Src/stm32f1xx_hal_tim.o
 .debug_rnglists
                0x00000696      0x125 ./Drivers/STM32F1xx_HAL_Driver/Src/stm32f1xx_hal_tim_ex.o
 .debug_rnglists
                0x000007bb      0x1bc ./Drivers/STM32F1xx_HAL_Driver/Src/stm32f1xx_hal_uart.o
 .debug_rnglists
                0x00000977      0x16b ./Middlewares/Third_Party/FreeRTOS/Source/CMSIS_RTOS/cmsis_os.o
 .debug_rnglists
                0x00000ae2       0x2b ./Middlewares/Third_Party/FreeRTOS/Source/list.o
 .debug_rnglists
                0x00000b0d       0xd3 ./Middlewares/Third_Party/FreeRTOS/Source/queue.o
 .debug_rnglists
                0x00000be0      0x165 ./Middlewares/Third_Party/FreeRTOS/Source/tasks.o
 .debug_rnglists
                0x00000d45       0xa0 ./Middlewares/Third_Party/FreeRTOS/Source/timers.o
 .debug_rnglists
                0x00000de5       0x57 ./Middlewares/Third_Party/FreeRTOS/Source/portable/GCC/ARM_CM3/port.o
 .debug_rnglists
                0x00000e3c       0x42 ./Middlewares/Third_Party/FreeRTOS/Source/portable/MemMang/heap_4.o

.debug_macro    0x00000000    0x19855
 .debug_macro   0x00000000      0x2c5 ./Core/Src/freertos.o
 .debug_macro   0x000002c5      0xacc ./Core/Src/freertos.o
 .debug_macro   0x00000d91      0x190 ./Core/Src/freertos.o
 .debug_macro   0x00000f21       0x22 ./Core/Src/freertos.o
 .debug_macro   0x00000f43       0x8e ./Core/Src/freertos.o
 .debug_macro   0x00000fd1       0x51 ./Core/Src/freertos.o
 .debug_macro   0x00001022      0x103 ./Core/Src/freertos.o
 .debug_macro   0x00001125       0x6a ./Core/Src/freertos.o
 .debug_macro   0x0000118f      0x1df ./Core/Src/freertos.o
 .debug_macro   0x0000136e      0x10a ./Core/Src/freertos.o
 .debug_macro   0x00001478      0x15a ./Core/Src/freertos.o
 .debug_macro   0x000015d2       0xde ./Core/Src/freertos.o
 .debug_macro   0x000016b0       0x1c ./Core/Src/freertos.o
 .debug_macro   0x000016cc       0x26 ./Core/Src/freertos.o
 .debug_macro   0x000016f2       0x61 ./Core/Src/freertos.o
 .debug_macro   0x00001753       0x24 ./Core/Src/freertos.o
 .debug_macro   0x00001777       0x43 ./Core/Src/freertos.o
 .debug_macro   0x000017ba       0x34 ./Core/Src/freertos.o
 .debug_macro   0x000017ee      0x370 ./Core/Src/freertos.o
 .debug_macro   0x00001b5e       0x16 ./Core/Src/freertos.o
 .debug_macro   0x00001b74       0x4a ./Core/Src/freertos.o
 .debug_macro   0x00001bbe       0x34 ./Core/Src/freertos.o
 .debug_macro   0x00001bf2       0x10 ./Core/Src/freertos.o
 .debug_macro   0x00001c02       0x58 ./Core/Src/freertos.o
 .debug_macro   0x00001c5a       0x8e ./Core/Src/freertos.o
 .debug_macro   0x00001ce8       0x1c ./Core/Src/freertos.o
 .debug_macro   0x00001d04      0x185 ./Core/Src/freertos.o
 .debug_macro   0x00001e89       0x10 ./Core/Src/freertos.o
 .debug_macro   0x00001e99       0x3c ./Core/Src/freertos.o
 .debug_macro   0x00001ed5      0x4f7 ./Core/Src/freertos.o
 .debug_macro   0x000023cc       0xb5 ./Core/Src/freertos.o
 .debug_macro   0x00002481       0xaa ./Core/Src/freertos.o
 .debug_macro   0x0000252b      0x21b ./Core/Src/freertos.o
 .debug_macro   0x00002746       0x2e ./Core/Src/freertos.o
 .debug_macro   0x00002774       0x22 ./Core/Src/freertos.o
 .debug_macro   0x00002796       0x1c ./Core/Src/freertos.o
 .debug_macro   0x000027b2       0x22 ./Core/Src/freertos.o
 .debug_macro   0x000027d4       0xbd ./Core/Src/freertos.o
 .debug_macro   0x00002891      0xd23 ./Core/Src/freertos.o
 .debug_macro   0x000035b4     0xe09e ./Core/Src/freertos.o
 .debug_macro   0x00011652       0x6d ./Core/Src/freertos.o
 .debug_macro   0x000116bf     0x34a2 ./Core/Src/freertos.o
 .debug_macro   0x00014b61       0x56 ./Core/Src/freertos.o
 .debug_macro   0x00014bb7      0x5bc ./Core/Src/freertos.o
 .debug_macro   0x00015173      0x289 ./Core/Src/freertos.o
 .debug_macro   0x000153fc      0x1cb ./Core/Src/freertos.o
 .debug_macro   0x000155c7      0x114 ./Core/Src/freertos.o
 .debug_macro   0x000156db      0x1b2 ./Core/Src/freertos.o
 .debug_macro   0x0001588d       0x27 ./Core/Src/freertos.o
 .debug_macro   0x000158b4      0x136 ./Core/Src/freertos.o
 .debug_macro   0x000159ea      0x1bc ./Core/Src/freertos.o
 .debug_macro   0x00015ba6       0x34 ./Core/Src/freertos.o
 .debug_macro   0x00015bda       0x3c ./Core/Src/freertos.o
 .debug_macro   0x00015c16       0x57 ./Core/Src/freertos.o
 .debug_macro   0x00015c6d       0x87 ./Core/Src/freertos.o
 .debug_macro   0x00015cf4      0x240 ./Core/Src/freertos.o
 .debug_macro   0x00015f34      0x140 ./Core/Src/freertos.o
 .debug_macro   0x00016074      0x8ed ./Core/Src/freertos.o
 .debug_macro   0x00016961      0x28e ./Core/Src/freertos.o
 .debug_macro   0x00016bef       0x83 ./Core/Src/freertos.o
 .debug_macro   0x00016c72      0x310 ./Core/Src/main.o
 .debug_macro   0x00016f82       0x5c ./Core/Src/main.o
 .debug_macro   0x00016fde      0x10a ./Core/Src/main.o
 .debug_macro   0x000170e8       0x91 ./Core/Src/main.o
 .debug_macro   0x00017179       0x8d ./Core/Src/main.o
 .debug_macro   0x00017206       0x7e ./Core/Src/main.o
 .debug_macro   0x00017284       0x19 ./Core/Src/main.o
 .debug_macro   0x0001729d       0xf2 ./Core/Src/main.o
 .debug_macro   0x0001738f      0x1ad ./Core/Src/stm32f1xx_hal_msp.o
 .debug_macro   0x0001753c      0x1a3 ./Core/Src/stm32f1xx_hal_timebase_tim.o
 .debug_macro   0x000176df      0x1b7 ./Core/Src/stm32f1xx_it.o
 .debug_macro   0x00017896      0x1a3 ./Core/Src/system_stm32f1xx.o
 .debug_macro   0x00017a39      0x1c7 ./Drivers/STM32F1xx_HAL_Driver/Src/stm32f1xx_hal.o
 .debug_macro   0x00017c00      0x1a3 ./Drivers/STM32F1xx_HAL_Driver/Src/stm32f1xx_hal_cortex.o
 .debug_macro   0x00017da3      0x1a3 ./Drivers/STM32F1xx_HAL_Driver/Src/stm32f1xx_hal_dma.o
 .debug_macro   0x00017f46      0x20e ./Drivers/STM32F1xx_HAL_Driver/Src/stm32f1xx_hal_gpio.o
 .debug_macro   0x00018154      0x1b5 ./Drivers/STM32F1xx_HAL_Driver/Src/stm32f1xx_hal_rcc.o
 .debug_macro   0x00018309      0x1a4 ./Drivers/STM32F1xx_HAL_Driver/Src/stm32f1xx_hal_tim.o
 .debug_macro   0x000184ad      0x1a3 ./Drivers/STM32F1xx_HAL_Driver/Src/stm32f1xx_hal_tim_ex.o
 .debug_macro   0x00018650      0x1a4 ./Drivers/STM32F1xx_HAL_Driver/Src/stm32f1xx_hal_uart.o
 .debug_macro   0x000187f4      0x210 ./Middlewares/Third_Party/FreeRTOS/Source/CMSIS_RTOS/cmsis_os.o
 .debug_macro   0x00018a04       0x10 ./Middlewares/Third_Party/FreeRTOS/Source/CMSIS_RTOS/cmsis_os.o
 .debug_macro   0x00018a14       0x20 ./Middlewares/Third_Party/FreeRTOS/Source/CMSIS_RTOS/cmsis_os.o
 .debug_macro   0x00018a34       0x16 ./Middlewares/Third_Party/FreeRTOS/Source/CMSIS_RTOS/cmsis_os.o
 .debug_macro   0x00018a4a       0xab ./Middlewares/Third_Party/FreeRTOS/Source/CMSIS_RTOS/cmsis_os.o
 .debug_macro   0x00018af5      0x199 ./Middlewares/Third_Party/FreeRTOS/Source/list.o
 .debug_macro   0x00018c8e      0x228 ./Middlewares/Third_Party/FreeRTOS/Source/queue.o
 .debug_macro   0x00018eb6       0x16 ./Middlewares/Third_Party/FreeRTOS/Source/queue.o
 .debug_macro   0x00018ecc       0x87 ./Middlewares/Third_Party/FreeRTOS/Source/queue.o
 .debug_macro   0x00018f53      0x28b ./Middlewares/Third_Party/FreeRTOS/Source/tasks.o
 .debug_macro   0x000191de       0x10 ./Middlewares/Third_Party/FreeRTOS/Source/tasks.o
 .debug_macro   0x000191ee      0x1ee ./Middlewares/Third_Party/FreeRTOS/Source/timers.o
 .debug_macro   0x000193dc       0x97 ./Middlewares/Third_Party/FreeRTOS/Source/timers.o
 .debug_macro   0x00019473      0x222 ./Middlewares/Third_Party/FreeRTOS/Source/portable/GCC/ARM_CM3/port.o
 .debug_macro   0x00019695      0x1c0 ./Middlewares/Third_Party/FreeRTOS/Source/portable/MemMang/heap_4.o

.debug_line     0x00000000    0x13970
 .debug_line    0x00000000      0x888 ./Core/Src/freertos.o
 .debug_line    0x00000888      0xa73 ./Core/Src/main.o
 .debug_line    0x000012fb      0x699 ./Core/Src/stm32f1xx_hal_msp.o
 .debug_line    0x00001994      0x6ae ./Core/Src/stm32f1xx_hal_timebase_tim.o
 .debug_line    0x00002042      0x6e2 ./Core/Src/stm32f1xx_it.o
 .debug_line    0x00002724      0x6c0 ./Core/Src/system_stm32f1xx.o
 .debug_line    0x00002de4       0x78 ./Core/Startup/startup_stm32f103c8tx.o
 .debug_line    0x00002e5c      0x8f1 ./Drivers/STM32F1xx_HAL_Driver/Src/stm32f1xx_hal.o
 .debug_line    0x0000374d      0xabb ./Drivers/STM32F1xx_HAL_Driver/Src/stm32f1xx_hal_cortex.o
 .debug_line    0x00004208      0xcfb ./Drivers/STM32F1xx_HAL_Driver/Src/stm32f1xx_hal_dma.o
 .debug_line    0x00004f03      0x94e ./Drivers/STM32F1xx_HAL_Driver/Src/stm32f1xx_hal_gpio.o
 .debug_line    0x00005851      0xdaa ./Drivers/STM32F1xx_HAL_Driver/Src/stm32f1xx_hal_rcc.o
 .debug_line    0x000065fb     0x33df ./Drivers/STM32F1xx_HAL_Driver/Src/stm32f1xx_hal_tim.o
 .debug_line    0x000099da     0x17b5 ./Drivers/STM32F1xx_HAL_Driver/Src/stm32f1xx_hal_tim_ex.o
 .debug_line    0x0000b18f     0x240d ./Drivers/STM32F1xx_HAL_Driver/Src/stm32f1xx_hal_uart.o
 .debug_line    0x0000d59c     0x12f6 ./Middlewares/Third_Party/FreeRTOS/Source/CMSIS_RTOS/cmsis_os.o
 .debug_line    0x0000e892      0x6cb ./Middlewares/Third_Party/FreeRTOS/Source/list.o
 .debug_line    0x0000ef5d     0x144e ./Middlewares/Third_Party/FreeRTOS/Source/queue.o
 .debug_line    0x000103ab     0x186b ./Middlewares/Third_Party/FreeRTOS/Source/tasks.o
 .debug_line    0x00011c16      0xc50 ./Middlewares/Third_Party/FreeRTOS/Source/timers.o
 .debug_line    0x00012866      0x829 ./Middlewares/Third_Party/FreeRTOS/Source/portable/GCC/ARM_CM3/port.o
 .debug_line    0x0001308f      0x8e1 ./Middlewares/Third_Party/FreeRTOS/Source/portable/MemMang/heap_4.o

.debug_str      0x00000000    0x934da
 .debug_str     0x00000000    0x934da ./Core/Src/freertos.o
                              0x8ab98 (size before relaxing)
 .debug_str     0x000934da    0x8da54 ./Core/Src/main.o
 .debug_str     0x000934da    0x83f1a ./Core/Src/stm32f1xx_hal_msp.o
 .debug_str     0x000934da    0x8405d ./Core/Src/stm32f1xx_hal_timebase_tim.o
 .debug_str     0x000934da    0x83e9c ./Core/Src/stm32f1xx_it.o
 .debug_str     0x000934da    0x837a5 ./Core/Src/system_stm32f1xx.o
 .debug_str     0x000934da       0x86 ./Core/Startup/startup_stm32f103c8tx.o
 .debug_str     0x000934da    0x83ed8 ./Drivers/STM32F1xx_HAL_Driver/Src/stm32f1xx_hal.o
 .debug_str     0x000934da    0x83e24 ./Drivers/STM32F1xx_HAL_Driver/Src/stm32f1xx_hal_cortex.o
 .debug_str     0x000934da    0x83b4e ./Drivers/STM32F1xx_HAL_Driver/Src/stm32f1xx_hal_dma.o
 .debug_str     0x000934da    0x83b2b ./Drivers/STM32F1xx_HAL_Driver/Src/stm32f1xx_hal_gpio.o
 .debug_str     0x000934da    0x83bd4 ./Drivers/STM32F1xx_HAL_Driver/Src/stm32f1xx_hal_rcc.o
 .debug_str     0x000934da    0x84bd6 ./Drivers/STM32F1xx_HAL_Driver/Src/stm32f1xx_hal_tim.o
 .debug_str     0x000934da    0x843e2 ./Drivers/STM32F1xx_HAL_Driver/Src/stm32f1xx_hal_tim_ex.o
 .debug_str     0x000934da    0x84245 ./Drivers/STM32F1xx_HAL_Driver/Src/stm32f1xx_hal_uart.o
 .debug_str     0x000934da     0xeabd ./Middlewares/Third_Party/FreeRTOS/Source/CMSIS_RTOS/cmsis_os.o
 .debug_str     0x000934da     0xac51 ./Middlewares/Third_Party/FreeRTOS/Source/list.o
 .debug_str     0x000934da     0xc635 ./Middlewares/Third_Party/FreeRTOS/Source/queue.o
 .debug_str     0x000934da     0xd353 ./Middlewares/Third_Party/FreeRTOS/Source/tasks.o
 .debug_str     0x000934da     0xceca ./Middlewares/Third_Party/FreeRTOS/Source/timers.o
 .debug_str     0x000934da     0xb876 ./Middlewares/Third_Party/FreeRTOS/Source/portable/GCC/ARM_CM3/port.o
 .debug_str     0x000934da     0xb593 ./Middlewares/Third_Party/FreeRTOS/Source/portable/MemMang/heap_4.o

.comment        0x00000000       0x43
 .comment       0x00000000       0x43 ./Core/Src/freertos.o
                                 0x44 (size before relaxing)
 .comment       0x00000043       0x44 ./Core/Src/main.o
 .comment       0x00000043       0x44 ./Core/Src/stm32f1xx_hal_msp.o
 .comment       0x00000043       0x44 ./Core/Src/stm32f1xx_hal_timebase_tim.o
 .comment       0x00000043       0x44 ./Core/Src/stm32f1xx_it.o
 .comment       0x00000043       0x44 ./Core/Src/system_stm32f1xx.o
 .comment       0x00000043       0x44 ./Drivers/STM32F1xx_HAL_Driver/Src/stm32f1xx_hal.o
 .comment       0x00000043       0x44 ./Drivers/STM32F1xx_HAL_Driver/Src/stm32f1xx_hal_cortex.o
 .comment       0x00000043       0x44 ./Drivers/STM32F1xx_HAL_Driver/Src/stm32f1xx_hal_dma.o
 .comment       0x00000043       0x44 ./Drivers/STM32F1xx_HAL_Driver/Src/stm32f1xx_hal_gpio.o
 .comment       0x00000043       0x44 ./Drivers/STM32F1xx_HAL_Driver/Src/stm32f1xx_hal_rcc.o
 .comment       0x00000043       0x44 ./Drivers/STM32F1xx_HAL_Driver/Src/stm32f1xx_hal_tim.o
 .comment       0x00000043       0x44 ./Drivers/STM32F1xx_HAL_Driver/Src/stm32f1xx_hal_tim_ex.o
 .comment       0x00000043       0x44 ./Drivers/STM32F1xx_HAL_Driver/Src/stm32f1xx_hal_uart.o
 .comment       0x00000043       0x44 ./Middlewares/Third_Party/FreeRTOS/Source/CMSIS_RTOS/cmsis_os.o
 .comment       0x00000043       0x44 ./Middlewares/Third_Party/FreeRTOS/Source/list.o
 .comment       0x00000043       0x44 ./Middlewares/Third_Party/FreeRTOS/Source/queue.o
 .comment       0x00000043       0x44 ./Middlewares/Third_Party/FreeRTOS/Source/tasks.o
 .comment       0x00000043       0x44 ./Middlewares/Third_Party/FreeRTOS/Source/timers.o
 .comment       0x00000043       0x44 ./Middlewares/Third_Party/FreeRTOS/Source/portable/GCC/ARM_CM3/port.o
 .comment       0x00000043       0x44 ./Middlewares/Third_Party/FreeRTOS/Source/portable/MemMang/heap_4.o

.debug_frame    0x00000000     0x503c
 .debug_frame   0x00000000       0x60 ./Core/Src/freertos.o
 .debug_frame   0x00000060      0x130 ./Core/Src/main.o
 .debug_frame   0x00000190       0x7c ./Core/Src/stm32f1xx_hal_msp.o
 .debug_frame   0x0000020c       0x74 ./Core/Src/stm32f1xx_hal_timebase_tim.o
 .debug_frame   0x00000280       0xe0 ./Core/Src/stm32f1xx_it.o
 .debug_frame   0x00000360       0x58 ./Core/Src/system_stm32f1xx.o
 .debug_frame   0x000003b8      0x334 ./Drivers/STM32F1xx_HAL_Driver/Src/stm32f1xx_hal.o
 .debug_frame   0x000006ec      0x428 ./Drivers/STM32F1xx_HAL_Driver/Src/stm32f1xx_hal_cortex.o
 .debug_frame   0x00000b14      0x208 ./Drivers/STM32F1xx_HAL_Driver/Src/stm32f1xx_hal_dma.o
 .debug_frame   0x00000d1c      0x14c ./Drivers/STM32F1xx_HAL_Driver/Src/stm32f1xx_hal_gpio.o
 .debug_frame   0x00000e68      0x218 ./Drivers/STM32F1xx_HAL_Driver/Src/stm32f1xx_hal_rcc.o
 .debug_frame   0x00001080     0x11b8 ./Drivers/STM32F1xx_HAL_Driver/Src/stm32f1xx_hal_tim.o
 .debug_frame   0x00002238      0x638 ./Drivers/STM32F1xx_HAL_Driver/Src/stm32f1xx_hal_tim_ex.o
 .debug_frame   0x00002870      0x944 ./Drivers/STM32F1xx_HAL_Driver/Src/stm32f1xx_hal_uart.o
 .debug_frame   0x000031b4      0x7fc ./Middlewares/Third_Party/FreeRTOS/Source/CMSIS_RTOS/cmsis_os.o
 .debug_frame   0x000039b0       0xd8 ./Middlewares/Third_Party/FreeRTOS/Source/list.o
 .debug_frame   0x00003a88      0x490 ./Middlewares/Third_Party/FreeRTOS/Source/queue.o
 .debug_frame   0x00003f18      0x7a0 ./Middlewares/Third_Party/FreeRTOS/Source/tasks.o
 .debug_frame   0x000046b8      0x368 ./Middlewares/Third_Party/FreeRTOS/Source/timers.o
 .debug_frame   0x00004a20      0x198 ./Middlewares/Third_Party/FreeRTOS/Source/portable/GCC/ARM_CM3/port.o
 .debug_frame   0x00004bb8      0x12c ./Middlewares/Third_Party/FreeRTOS/Source/portable/MemMang/heap_4.o
 .debug_frame   0x00004ce4      0x144 /opt/st/stm32cubeide_1.19.0/plugins/com.st.stm32cube.ide.mcu.externaltools.gnu-tools-for-stm32.13.3.rel1.linux64_1.0.0.202410170706/tools/bin/../lib/gcc/arm-none-eabi/13.3.1/../../../../arm-none-eabi/lib/thumb/v7-m/nofp/libc_nano.a(libc_a-findfp.o)
 .debug_frame   0x00004e28       0x20 /opt/st/stm32cubeide_1.19.0/plugins/com.st.stm32cube.ide.mcu.externaltools.gnu-tools-for-stm32.13.3.rel1.linux64_1.0.0.202410170706/tools/bin/../lib/gcc/arm-none-eabi/13.3.1/../../../../arm-none-eabi/lib/thumb/v7-m/nofp/libc_nano.a(libc_a-memset.o)
 .debug_frame   0x00004e48       0x38 /opt/st/stm32cubeide_1.19.0/plugins/com.st.stm32cube.ide.mcu.externaltools.gnu-tools-for-stm32.13.3.rel1.linux64_1.0.0.202410170706/tools/bin/../lib/gcc/arm-none-eabi/13.3.1/../../../../arm-none-eabi/lib/thumb/v7-m/nofp/libc_nano.a(libc_a-reent.o)
 .debug_frame   0x00004e80       0x2c /opt/st/stm32cubeide_1.19.0/plugins/com.st.stm32cube.ide.mcu.externaltools.gnu-tools-for-stm32.13.3.rel1.linux64_1.0.0.202410170706/tools/bin/../lib/gcc/arm-none-eabi/13.3.1/../../../../arm-none-eabi/lib/thumb/v7-m/nofp/libc_nano.a(libc_a-init.o)
 .debug_frame   0x00004eac       0xb0 /opt/st/stm32cubeide_1.19.0/plugins/com.st.stm32cube.ide.mcu.externaltools.gnu-tools-for-stm32.13.3.rel1.linux64_1.0.0.202410170706/tools/bin/../lib/gcc/arm-none-eabi/13.3.1/../../../../arm-none-eabi/lib/thumb/v7-m/nofp/libc_nano.a(libc_a-lock.o)
 .debug_frame   0x00004f5c       0x28 /opt/st/stm32cubeide_1.19.0/plugins/com.st.stm32cube.ide.mcu.externaltools.gnu-tools-for-stm32.13.3.rel1.linux64_1.0.0.202410170706/tools/bin/../lib/gcc/arm-none-eabi/13.3.1/../../../../arm-none-eabi/lib/thumb/v7-m/nofp/libc_nano.a(libc_a-memcpy-stub.o)
 .debug_frame   0x00004f84       0x38 /opt/st/stm32cubeide_1.19.0/plugins/com.st.stm32cube.ide.mcu.externaltools.gnu-tools-for-stm32.13.3.rel1.linux64_1.0.0.202410170706/tools/bin/../lib/gcc/arm-none-eabi/13.3.1/../../../../arm-none-eabi/lib/thumb/v7-m/nofp/libc_nano.a(libc_a-freer.o)
 .debug_frame   0x00004fbc       0x50 /opt/st/stm32cubeide_1.19.0/plugins/com.st.stm32cube.ide.mcu.externaltools.gnu-tools-for-stm32.13.3.rel1.linux64_1.0.0.202410170706/tools/bin/../lib/gcc/arm-none-eabi/13.3.1/../../../../arm-none-eabi/lib/thumb/v7-m/nofp/libc_nano.a(libc_a-mallocr.o)
 .debug_frame   0x0000500c       0x30 /opt/st/stm32cubeide_1.19.0/plugins/com.st.stm32cube.ide.mcu.externaltools.gnu-tools-for-stm32.13.3.rel1.linux64_1.0.0.202410170706/tools/bin/../lib/gcc/arm-none-eabi/13.3.1/../../../../arm-none-eabi/lib/thumb/v7-m/nofp/libc_nano.a(libc_a-mlock.o)

.debug_line_str
                0x00000000       0x6a
 .debug_line_str
                0x00000000       0x6a ./Core/Startup/startup_stm32f103c8tx.o
