../Core/Src/main.c:70:6:HAL_TIM_PWM_PulseFinishedCallback	16	static
../Core/Src/main.c:75:6:reset_all_led	16	static
../Core/Src/main.c:84:6:set_all_led	16	static
../Core/Src/main.c:92:6:Set_LED	40	static
../Core/Src/main.c:108:6:WS2812B_SEND	8	static
../Core/Src/main.c:121:5:main	8	static
../Core/Src/main.c:182:6:HAL_ADC_ConvCpltCallback	24	static
../Core/Src/main.c:235:6:SystemClock_Config	88	static
../Core/Src/main.c:282:13:MX_ADC1_Init	24	static
../Core/Src/main.c:329:13:MX_TIM2_Init	64	static
../Core/Src/main.c:386:13:MX_DMA_Init	16	static
../Core/Src/main.c:407:13:MX_GPIO_Init	40	static
../Core/Src/main.c:442:6:Error_Handler	4	static,ignoring_inline_asm
