../Core/Src/main.c:75:6:HAL_TIM_PWM_PulseFinishedCallback	16	static
../Core/Src/main.c:80:6:reset_all_led	16	static
../Core/Src/main.c:89:6:set_all_led	16	static
../Core/Src/main.c:97:6:Set_LED	40	static
../Core/Src/main.c:113:6:WS2812B_SEND	8	static
../Core/Src/main.c:126:5:main	8	static
../Core/Src/main.c:197:6:SystemClock_Config	88	static
../Core/Src/main.c:244:13:MX_ADC1_Init	24	static
../Core/Src/main.c:291:13:MX_TIM2_Init	64	static
../Core/Src/main.c:348:13:MX_DMA_Init	16	static
../Core/Src/main.c:369:13:MX_GPIO_Init	40	static
../Core/Src/main.c:404:6:Error_Handler	4	static,ignoring_inline_asm
