../Core/Src/main.c:70:6:HAL_TIM_PWM_PulseFinishedCallback	1
../Core/Src/main.c:75:6:reset_all_led	2
../Core/Src/main.c:84:6:set_all_led	2
../Core/Src/main.c:92:6:Set_LED	4
../Core/Src/main.c:108:6:WS2812B_SEND	1
../Core/Src/main.c:121:5:main	1
../Core/Src/main.c:182:6:HAL_ADC_ConvCpltCallback	4
../Core/Src/main.c:235:6:SystemClock_Config	4
../Core/Src/main.c:282:13:MX_ADC1_Init	3
../Core/Src/main.c:329:13:MX_TIM2_Init	6
../Core/Src/main.c:386:13:MX_DMA_Init	1
../Core/Src/main.c:407:13:MX_GPIO_Init	1
../Core/Src/main.c:442:6:Error_Handler	1
